Archive member included because of file (symbol)

/usr/lib/i386-linux-gnu/libc_nonshared.a(elf-init.oS)
                              /usr/lib/gcc/i486-linux-gnu/4.7/../../../i386-linux-gnu/crt1.o (__libc_csu_fini)
/usr/lib/i386-linux-gnu/libc_nonshared.a(atexit.oS)
                              pidfile.o (atexit)

Allocating common symbols
Common symbol       size              file

dvmrp_group         0x4               igmp.o
s2                  0x13              inet.o
s4                  0x13              inet.o
send_buf            0x4               igmp.o
dvmrp_genid         0x4               igmp.o
s1                  0x13              inet.o
s3                  0x13              inet.o
igmp_socket         0x4               igmp.o
allhosts_group      0x4               igmp.o
recv_buf            0x4               igmp.o
our_addr            0x4               mrinfo.o
numvifs             0x2               mrinfo.o
allrtrs_group       0x4               igmp.o

Discarded input sections

 .note.GNU-stack
                0x0000000000000000        0x0 /usr/lib/gcc/i486-linux-gnu/4.7/../../../i386-linux-gnu/crt1.o
 .gnu_debuglink
                0x0000000000000000        0xc /usr/lib/gcc/i486-linux-gnu/4.7/../../../i386-linux-gnu/crt1.o
 .note.GNU-stack
                0x0000000000000000        0x0 /usr/lib/gcc/i486-linux-gnu/4.7/../../../i386-linux-gnu/crti.o
 .gnu_debuglink
                0x0000000000000000        0xc /usr/lib/gcc/i486-linux-gnu/4.7/../../../i386-linux-gnu/crti.o
 .note.GNU-stack
                0x0000000000000000        0x0 /usr/lib/gcc/i486-linux-gnu/4.7/crtbegin.o
 .note.GNU-stack
                0x0000000000000000        0x0 igmp.o
 .note.GNU-stack
                0x0000000000000000        0x0 inet.o
 .note.GNU-stack
                0x0000000000000000        0x0 kern.o
 .note.GNU-stack
                0x0000000000000000        0x0 mrinfo.o
 .note.GNU-stack
                0x0000000000000000        0x0 strlcpy.o
 .note.GNU-stack
                0x0000000000000000        0x0 pidfile.o
 .note.GNU-stack
                0x0000000000000000        0x0 strtonum.o
 .group         0x0000000000000000        0x8 /usr/lib/i386-linux-gnu/libc_nonshared.a(elf-init.oS)
 .note.GNU-stack
                0x0000000000000000        0x0 /usr/lib/i386-linux-gnu/libc_nonshared.a(elf-init.oS)
 .group         0x0000000000000000        0x8 /usr/lib/i386-linux-gnu/libc_nonshared.a(atexit.oS)
 .text.__i686.get_pc_thunk.bx
                0x0000000000000000        0x4 /usr/lib/i386-linux-gnu/libc_nonshared.a(atexit.oS)
 .note.GNU-stack
                0x0000000000000000        0x0 /usr/lib/i386-linux-gnu/libc_nonshared.a(atexit.oS)
 .note.GNU-stack
                0x0000000000000000        0x0 /usr/lib/gcc/i486-linux-gnu/4.7/crtend.o
 .note.GNU-stack
                0x0000000000000000        0x0 /usr/lib/gcc/i486-linux-gnu/4.7/../../../i386-linux-gnu/crtn.o
 .gnu_debuglink
                0x0000000000000000        0xc /usr/lib/gcc/i486-linux-gnu/4.7/../../../i386-linux-gnu/crtn.o

Memory Configuration

Name             Origin             Length             Attributes
*default*        0x0000000000000000 0xffffffffffffffff

Linker script and memory map

LOAD /usr/lib/gcc/i486-linux-gnu/4.7/../../../i386-linux-gnu/crt1.o
LOAD /usr/lib/gcc/i486-linux-gnu/4.7/../../../i386-linux-gnu/crti.o
LOAD /usr/lib/gcc/i486-linux-gnu/4.7/crtbegin.o
LOAD igmp.o
LOAD inet.o
LOAD kern.o
LOAD mrinfo.o
LOAD strlcpy.o
LOAD pidfile.o
LOAD strtonum.o
LOAD /usr/lib/gcc/i486-linux-gnu/4.7/libgcc.a
LOAD /usr/lib/gcc/i486-linux-gnu/4.7/libgcc_s.so
LOAD /usr/lib/gcc/i486-linux-gnu/4.7/../../../i386-linux-gnu/libc.so
START GROUP
LOAD /lib/i386-linux-gnu/libc.so.6
LOAD /usr/lib/i386-linux-gnu/libc_nonshared.a
LOAD /lib/i386-linux-gnu/ld-linux.so.2
END GROUP
LOAD /usr/lib/gcc/i486-linux-gnu/4.7/libgcc.a
LOAD /usr/lib/gcc/i486-linux-gnu/4.7/libgcc_s.so
LOAD /usr/lib/gcc/i486-linux-gnu/4.7/crtend.o
LOAD /usr/lib/gcc/i486-linux-gnu/4.7/../../../i386-linux-gnu/crtn.o
                0x0000000008048000                PROVIDE (__executable_start, 0x8048000)
                0x0000000008048134                . = (0x8048000 + SIZEOF_HEADERS)

.interp         0x0000000008048134       0x13
 *(.interp)
 .interp        0x0000000008048134       0x13 /usr/lib/gcc/i486-linux-gnu/4.7/../../../i386-linux-gnu/crt1.o

.note.ABI-tag   0x0000000008048148       0x20
 .note.ABI-tag  0x0000000008048148       0x20 /usr/lib/gcc/i486-linux-gnu/4.7/../../../i386-linux-gnu/crt1.o

.note.gnu.build-id
                0x0000000008048168       0x24
 *(.note.gnu.build-id)
 .note.gnu.build-id
                0x0000000008048168       0x24 /usr/lib/gcc/i486-linux-gnu/4.7/../../../i386-linux-gnu/crt1.o

.hash           0x000000000804818c      0x174
 *(.hash)
 .hash          0x000000000804818c      0x174 /usr/lib/gcc/i486-linux-gnu/4.7/../../../i386-linux-gnu/crt1.o

.gnu.hash       0x0000000008048300       0x3c
 *(.gnu.hash)
 .gnu.hash      0x0000000008048300       0x3c /usr/lib/gcc/i486-linux-gnu/4.7/../../../i386-linux-gnu/crt1.o

.dynsym         0x000000000804833c      0x360
 *(.dynsym)
 .dynsym        0x000000000804833c      0x360 /usr/lib/gcc/i486-linux-gnu/4.7/../../../i386-linux-gnu/crt1.o

.dynstr         0x000000000804869c      0x1f2
 *(.dynstr)
 .dynstr        0x000000000804869c      0x1f2 /usr/lib/gcc/i486-linux-gnu/4.7/../../../i386-linux-gnu/crt1.o

.gnu.version    0x000000000804888e       0x6c
 *(.gnu.version)
 .gnu.version   0x000000000804888e       0x6c /usr/lib/gcc/i486-linux-gnu/4.7/../../../i386-linux-gnu/crt1.o

.gnu.version_d  0x00000000080488fc        0x0
 *(.gnu.version_d)
 .gnu.version_d
                0x0000000000000000        0x0 /usr/lib/gcc/i486-linux-gnu/4.7/../../../i386-linux-gnu/crt1.o

.gnu.version_r  0x00000000080488fc       0x40
 *(.gnu.version_r)
 .gnu.version_r
                0x00000000080488fc       0x40 /usr/lib/gcc/i486-linux-gnu/4.7/../../../i386-linux-gnu/crt1.o

.rel.dyn        0x000000000804893c       0x28
 *(.rel.init)
 *(.rel.text .rel.text.* .rel.gnu.linkonce.t.*)
 .rel.text      0x0000000000000000        0x0 /usr/lib/gcc/i486-linux-gnu/4.7/../../../i386-linux-gnu/crt1.o
 .rel.text.startup
                0x0000000000000000        0x0 /usr/lib/gcc/i486-linux-gnu/4.7/../../../i386-linux-gnu/crt1.o
 *(.rel.fini)
 *(.rel.rodata .rel.rodata.* .rel.gnu.linkonce.r.*)
 *(.rel.data.rel.ro* .rel.gnu.linkonce.d.rel.ro.*)
 *(.rel.data .rel.data.* .rel.gnu.linkonce.d.*)
 *(.rel.tdata .rel.tdata.* .rel.gnu.linkonce.td.*)
 *(.rel.tbss .rel.tbss.* .rel.gnu.linkonce.tb.*)
 *(.rel.ctors)
 *(.rel.dtors)
 *(.rel.got)
 .rel.got       0x000000000804893c        0x8 /usr/lib/gcc/i486-linux-gnu/4.7/../../../i386-linux-gnu/crt1.o
 *(.rel.bss .rel.bss.* .rel.gnu.linkonce.b.*)
 .rel.bss       0x0000000008048944       0x20 /usr/lib/gcc/i486-linux-gnu/4.7/../../../i386-linux-gnu/crt1.o
 *(.rel.ifunc)

.rel.plt        0x0000000008048964      0x178
 *(.rel.plt)
 .rel.plt       0x0000000008048964      0x178 /usr/lib/gcc/i486-linux-gnu/4.7/../../../i386-linux-gnu/crt1.o
                0x0000000008048adc                PROVIDE (__rel_iplt_start, .)
 *(.rel.iplt)
 .rel.iplt      0x0000000000000000        0x0 /usr/lib/gcc/i486-linux-gnu/4.7/../../../i386-linux-gnu/crt1.o
                0x0000000008048adc                PROVIDE (__rel_iplt_end, .)

.init           0x0000000008048adc       0x26
 *(.init)
 .init          0x0000000008048adc       0x22 /usr/lib/gcc/i486-linux-gnu/4.7/../../../i386-linux-gnu/crti.o
                0x0000000008048adc                _init
 .init          0x0000000008048afe        0x4 /usr/lib/gcc/i486-linux-gnu/4.7/../../../i386-linux-gnu/crtn.o

.plt            0x0000000008048b10      0x300
 *(.plt)
 .plt           0x0000000008048b10      0x300 /usr/lib/gcc/i486-linux-gnu/4.7/../../../i386-linux-gnu/crt1.o
                0x0000000008048b20                setsockopt@@GLIBC_2.0
                0x0000000008048b30                printf@@GLIBC_2.0
                0x0000000008048b40                fflush@@GLIBC_2.0
                0x0000000008048b50                free@@GLIBC_2.0
                0x0000000008048b60                memcpy@@GLIBC_2.0
                0x0000000008048b70                fclose@@GLIBC_2.1
                0x0000000008048b80                inet_ntoa@@GLIBC_2.0
                0x0000000008048b90                gettimeofday@@GLIBC_2.0
                0x0000000008048ba0                select@@GLIBC_2.0
                0x0000000008048bb0                recvfrom@@GLIBC_2.0
                0x0000000008048bc0                gethostbyaddr@@GLIBC_2.0
                0x0000000008048bd0                getuid@@GLIBC_2.0
                0x0000000008048be0                geteuid@@GLIBC_2.0
                0x0000000008048bf0                unlink@@GLIBC_2.0
                0x0000000008048c00                err@@GLIBC_2.0
                0x0000000008048c10                getsockopt@@GLIBC_2.0
                0x0000000008048c20                perror@@GLIBC_2.0
                0x0000000008048c30                fwrite@@GLIBC_2.0
                0x0000000008048c40                strtoll@@GLIBC_2.0
                0x0000000008048c50                getpid@@GLIBC_2.0
                0x0000000008048c60                __cxa_atexit@@GLIBC_2.1.3
                0x0000000008048c70                malloc@@GLIBC_2.0
                0x0000000008048c80                puts@@GLIBC_2.0
                0x0000000008048c90                strerror@@GLIBC_2.0
                0x0000000008048cb0                exit@@GLIBC_2.0
                0x0000000008048cc0                __libc_start_main@@GLIBC_2.0
                0x0000000008048cd0                fprintf@@GLIBC_2.0
                0x0000000008048ce0                getopt@@GLIBC_2.0
                0x0000000008048cf0                setlinebuf@@GLIBC_2.0
                0x0000000008048d00                warnx@@GLIBC_2.0
                0x0000000008048d10                fopen@@GLIBC_2.1
                0x0000000008048d20                snprintf@@GLIBC_2.0
                0x0000000008048d30                __errno_location@@GLIBC_2.0
                0x0000000008048d40                asprintf@@GLIBC_2.0
                0x0000000008048d50                sendto@@GLIBC_2.0
                0x0000000008048d60                vfprintf@@GLIBC_2.0
                0x0000000008048d70                fputc@@GLIBC_2.0
                0x0000000008048d80                sscanf@@GLIBC_2.0
                0x0000000008048d90                setuid@@GLIBC_2.0
                0x0000000008048da0                getsockname@@GLIBC_2.0
                0x0000000008048db0                socket@@GLIBC_2.0
                0x0000000008048dc0                inet_addr@@GLIBC_2.0
                0x0000000008048dd0                gethostbyname@@GLIBC_2.0
                0x0000000008048de0                connect@@GLIBC_2.0
                0x0000000008048df0                close@@GLIBC_2.0
                0x0000000008048e00                calloc@@GLIBC_2.0
 *(.iplt)
 .iplt          0x0000000000000000        0x0 /usr/lib/gcc/i486-linux-gnu/4.7/../../../i386-linux-gnu/crt1.o

.text           0x0000000008048e10     0x2f1c
 *(.text.unlikely .text.*_unlikely)
 *(.text.exit .text.exit.*)
 *(.text.startup .text.startup.*)
 .text.startup  0x0000000008048e10      0x8c5 mrinfo.o
                0x0000000008048e10                main
 *(.text.hot .text.hot.*)
 *(.text .stub .text.* .gnu.linkonce.t.*)
 *fill*         0x00000000080496d5        0x3 90909090
 .text          0x00000000080496d8       0x24 /usr/lib/gcc/i486-linux-gnu/4.7/../../../i386-linux-gnu/crt1.o
                0x00000000080496d8                _start
 .text          0x00000000080496fc        0x0 /usr/lib/gcc/i486-linux-gnu/4.7/../../../i386-linux-gnu/crti.o
 *fill*         0x00000000080496fc        0x4 90909090
 .text          0x0000000008049700       0xbc /usr/lib/gcc/i486-linux-gnu/4.7/crtbegin.o
 *fill*         0x00000000080497bc        0x4 90909090
 .text          0x00000000080497c0      0xb95 igmp.o
                0x00000000080497c0                init_igmp
                0x00000000080498d0                igmp_packet_kind
                0x0000000008049ac0                igmp_debug_kind
                0x0000000008049b10                accept_igmp
                0x000000000804a030                build_igmp
                0x000000000804a0c0                send_igmp
 *fill*         0x000000000804a355        0xb 90909090
 .text          0x000000000804a360      0x3e2 inet.o
                0x000000000804a360                inet_valid_host
                0x000000000804a390                inet_valid_mask
                0x000000000804a3b0                inet_valid_subnet
                0x000000000804a440                inet_fmt
                0x000000000804a490                inet_fmts
                0x000000000804a5f0                inet_parse
                0x000000000804a6d0                inet_cksum
 *fill*         0x000000000804a742        0xe 90909090
 .text          0x000000000804a750      0x99f kern.o
                0x000000000804a750                k_init_dvmrp
                0x000000000804a7e0                k_stop_dvmrp
                0x000000000804a840                k_set_rcvbuf
                0x000000000804a9a0                k_hdr_include
                0x000000000804aa10                k_set_ttl
                0x000000000804aa90                k_set_loop
                0x000000000804ab00                k_set_if
                0x000000000804abb0                k_join
                0x000000000804ac70                k_leave
                0x000000000804ad30                k_add_vif
                0x000000000804add0                k_del_vif
                0x000000000804ae80                k_add_rg
                0x000000000804afa0                k_del_rg
                0x000000000804b080                k_get_version
 *fill*         0x000000000804b0ef        0x1 90909090
 .text          0x000000000804b0f0      0x772 mrinfo.o
                0x000000000804b0f0                inet_name
                0x000000000804b150                logit
                0x000000000804b250                ask
                0x000000000804b290                ask2
                0x000000000804b2d0                accept_neighbors
                0x000000000804b450                accept_neighbors2
                0x000000000804b750                usage
                0x000000000804b780                accept_probe
                0x000000000804b790                accept_group_report
                0x000000000804b7a0                accept_report
                0x000000000804b7b0                accept_neighbor_request
                0x000000000804b7c0                accept_neighbor_request2
                0x000000000804b7d0                accept_prune
                0x000000000804b7e0                accept_graft
                0x000000000804b7f0                accept_g_ack
                0x000000000804b800                add_table_entry
                0x000000000804b810                check_vif_state
                0x000000000804b820                accept_leave_message
                0x000000000804b830                accept_mtrace
                0x000000000804b840                accept_membership_query
                0x000000000804b850                accept_info_request
                0x000000000804b860                accept_info_reply
 *fill*         0x000000000804b862        0xe 90909090
 .text          0x000000000804b870       0x5d strlcpy.o
                0x000000000804b870                strlcpy
 *fill*         0x000000000804b8cd        0x3 90909090
 .text          0x000000000804b8d0      0x1d6 pidfile.o
                0x000000000804b900                pidfile
 *fill*         0x000000000804baa6        0xa 90909090
 .text          0x000000000804bab0      0x1c5 strtonum.o
                0x000000000804bab0                strtonum
 *fill*         0x000000000804bc75        0xb 90909090
 .text          0x000000000804bc80       0x6a /usr/lib/i386-linux-gnu/libc_nonshared.a(elf-init.oS)
                0x000000000804bc80                __libc_csu_fini
                0x000000000804bc90                __libc_csu_init
 .text.__i686.get_pc_thunk.bx
                0x000000000804bcea        0x4 /usr/lib/i386-linux-gnu/libc_nonshared.a(elf-init.oS)
                0x000000000804bcea                __i686.get_pc_thunk.bx
 *fill*         0x000000000804bcee        0x2 90909090
 .text          0x000000000804bcf0       0x3b /usr/lib/i386-linux-gnu/libc_nonshared.a(atexit.oS)
                0x000000000804bcf0                atexit
 *fill*         0x000000000804bd2b        0x1 90909090
 .text          0x000000000804bd2c        0x0 /usr/lib/gcc/i486-linux-gnu/4.7/crtend.o
 .text          0x000000000804bd2c        0x0 /usr/lib/gcc/i486-linux-gnu/4.7/../../../i386-linux-gnu/crtn.o
 *(.gnu.warning)

.fini           0x000000000804bd2c       0x17
 *(.fini)
 .fini          0x000000000804bd2c       0x13 /usr/lib/gcc/i486-linux-gnu/4.7/../../../i386-linux-gnu/crti.o
                0x000000000804bd2c                _fini
 .fini          0x000000000804bd3f        0x4 /usr/lib/gcc/i486-linux-gnu/4.7/../../../i386-linux-gnu/crtn.o
                0x000000000804bd43                PROVIDE (__etext, .)
                0x000000000804bd43                PROVIDE (_etext, .)
                0x000000000804bd43                PROVIDE (etext, .)

.rodata         0x000000000804bd60      0xaba
 *(.rodata .rodata.* .gnu.linkonce.r.*)
 .rodata        0x000000000804bd60        0x4 /usr/lib/gcc/i486-linux-gnu/4.7/../../../i386-linux-gnu/crt1.o
                0x000000000804bd60                _fp_hw
 .rodata.cst4   0x000000000804bd64        0x4 /usr/lib/gcc/i486-linux-gnu/4.7/../../../i386-linux-gnu/crt1.o
                0x000000000804bd64                _IO_stdin_used
 .rodata.str1.1
                0x000000000804bd68      0x290 igmp.o
 *fill*         0x000000000804bff8        0x8 00
 .rodata        0x000000000804c000      0x12c igmp.o
 .rodata.str1.4
                0x000000000804c12c      0x128 igmp.o
 .rodata.str1.1
                0x000000000804c254       0x31 inet.o
                                         0x4c (size before relaxing)
 *fill*         0x000000000804c285        0x3 00
 .rodata.str1.4
                0x000000000804c288      0x224 kern.o
 .rodata.str1.1
                0x000000000804c4ac       0x4e kern.o
 .rodata.str1.1
                0x000000000804c4fa      0x1a5 mrinfo.o
 *fill*         0x000000000804c69f        0x1 00
 .rodata.str1.4
                0x000000000804c6a0      0x100 mrinfo.o
                                         0xfd (size before relaxing)
 .rodata        0x000000000804c7a0       0x44 mrinfo.o
 .rodata.str1.1
                0x000000000804c7e4       0x1a pidfile.o
 .rodata.str1.1
                0x000000000804c7fe       0x1c strtonum.o

.rodata1
 *(.rodata1)

.eh_frame_hdr   0x000000000804c81c      0x1c4
 *(.eh_frame_hdr)
 .eh_frame_hdr  0x000000000804c81c      0x1c4 /usr/lib/gcc/i486-linux-gnu/4.7/../../../i386-linux-gnu/crt1.o

.eh_frame       0x000000000804c9e0      0x828
 *(.eh_frame)
 .eh_frame      0x000000000804c9e0       0x3c /usr/lib/gcc/i486-linux-gnu/4.7/../../../i386-linux-gnu/crt1.o
                                         0x40 (size before relaxing)
 .eh_frame      0x000000000804ca1c      0x124 igmp.o
                                        0x13c (size before relaxing)
 .eh_frame      0x000000000804cb40      0x130 inet.o
                                        0x148 (size before relaxing)
 .eh_frame      0x000000000804cc70      0x258 kern.o
                                        0x270 (size before relaxing)
 .eh_frame      0x000000000804cec8      0x274 mrinfo.o
                                        0x28c (size before relaxing)
 .eh_frame      0x000000000804d13c       0x34 strlcpy.o
                                         0x4c (size before relaxing)
 .eh_frame      0x000000000804d170       0x68 pidfile.o
                                         0x80 (size before relaxing)
 .eh_frame      0x000000000804d1d8       0x2c strtonum.o
                                         0x44 (size before relaxing)
 .eh_frame      0x000000000804d204        0x4 /usr/lib/gcc/i486-linux-gnu/4.7/crtend.o

.gcc_except_table
 *(.gcc_except_table .gcc_except_table.*)

.exception_ranges
 *(.exception_ranges .exception_ranges*)
                0x000000000804d208                . = (ALIGN (0x1000) - ((0x1000 - .) & 0xfff))
                0x000000000804e208                . = DATA_SEGMENT_ALIGN (0x1000, 0x1000)

.eh_frame
 *(.eh_frame)

.gcc_except_table
 *(.gcc_except_table .gcc_except_table.*)

.exception_ranges
 *(.exception_ranges .exception_ranges*)

.tdata
 *(.tdata .tdata.* .gnu.linkonce.td.*)

.tbss
 *(.tbss .tbss.* .gnu.linkonce.tb.*)
 *(.tcommon)

.preinit_array  0x000000000804e208        0x0
                0x000000000804e208                PROVIDE (__preinit_array_start, .)
 *(.preinit_array)
                0x000000000804e208                PROVIDE (__preinit_array_end, .)

.init_array     0x000000000804e208        0x4
                0x000000000804e208                PROVIDE (__init_array_start, .)
 *(SORT(.init_array.*) SORT(.ctors.*))
 *(.init_array)
 .init_array    0x000000000804e208        0x4 /usr/lib/gcc/i486-linux-gnu/4.7/crtbegin.o
 *(EXCLUDE_FILE(*crtend?.o *crtend.o *crtbegin?.o *crtbegin.o) .ctors)
                0x000000000804e20c                PROVIDE (__init_array_end, .)

.fini_array     0x000000000804e20c        0x4
                0x000000000804e20c                PROVIDE (__fini_array_start, .)
 *(SORT(.fini_array.*) SORT(.dtors.*))
 *(.fini_array)
 .fini_array    0x000000000804e20c        0x4 /usr/lib/gcc/i486-linux-gnu/4.7/crtbegin.o
 *(EXCLUDE_FILE(*crtend?.o *crtend.o *crtbegin?.o *crtbegin.o) .dtors)
                0x000000000804e210                PROVIDE (__fini_array_end, .)

.ctors
 *crtbegin.o(.ctors)
 *crtbegin?.o(.ctors)
 *(EXCLUDE_FILE(*crtend?.o *crtend.o) .ctors)
 *(SORT(.ctors.*))
 *(.ctors)

.dtors
 *crtbegin.o(.dtors)
 *crtbegin?.o(.dtors)
 *(EXCLUDE_FILE(*crtend?.o *crtend.o) .dtors)
 *(SORT(.dtors.*))
 *(.dtors)

.jcr            0x000000000804e210        0x4
 *(.jcr)
 .jcr           0x000000000804e210        0x0 /usr/lib/gcc/i486-linux-gnu/4.7/crtbegin.o
 .jcr           0x000000000804e210        0x4 /usr/lib/gcc/i486-linux-gnu/4.7/crtend.o

.data.rel.ro
 *(.data.rel.ro.local* .gnu.linkonce.d.rel.ro.local.*)
 *(.data.rel.ro* .gnu.linkonce.d.rel.ro.*)

.dynamic        0x000000000804e214       0xf0
 *(.dynamic)
 .dynamic       0x000000000804e214       0xf0 /usr/lib/gcc/i486-linux-gnu/4.7/../../../i386-linux-gnu/crt1.o
                0x000000000804e214                _DYNAMIC

.got            0x000000000804e304        0x8
 *(.got)
 .got           0x000000000804e304        0x8 /usr/lib/gcc/i486-linux-gnu/4.7/../../../i386-linux-gnu/crt1.o
 *(.igot)
                0x000000000804e30c                . = DATA_SEGMENT_RELRO_END (., 0xc)

.got.plt        0x000000000804e30c       0xc8
 *(.got.plt)
 .got.plt       0x000000000804e30c       0xc8 /usr/lib/gcc/i486-linux-gnu/4.7/../../../i386-linux-gnu/crt1.o
                0x000000000804e30c                _GLOBAL_OFFSET_TABLE_
 *(.igot.plt)
 .igot.plt      0x0000000000000000        0x0 /usr/lib/gcc/i486-linux-gnu/4.7/../../../i386-linux-gnu/crt1.o

.data           0x000000000804e3d4       0x10
 *(.data .data.* .gnu.linkonce.d.*)
 .data          0x000000000804e3d4        0x4 /usr/lib/gcc/i486-linux-gnu/4.7/../../../i386-linux-gnu/crt1.o
                0x000000000804e3d4                data_start
                0x000000000804e3d4                __data_start
 .data          0x000000000804e3d8        0x0 /usr/lib/gcc/i486-linux-gnu/4.7/../../../i386-linux-gnu/crti.o
 .data          0x000000000804e3d8        0x4 /usr/lib/gcc/i486-linux-gnu/4.7/crtbegin.o
                0x000000000804e3d8                __dso_handle
 .data          0x000000000804e3dc        0x0 igmp.o
 .data          0x000000000804e3dc        0x0 inet.o
 .data          0x000000000804e3dc        0x0 kern.o
 .data          0x000000000804e3dc        0x8 mrinfo.o
                0x000000000804e3dc                timeout
                0x000000000804e3e0                retries
 .data          0x000000000804e3e4        0x0 strlcpy.o
 .data          0x000000000804e3e4        0x0 pidfile.o
 .data          0x000000000804e3e4        0x0 strtonum.o
 .data          0x000000000804e3e4        0x0 /usr/lib/i386-linux-gnu/libc_nonshared.a(elf-init.oS)
 .data          0x000000000804e3e4        0x0 /usr/lib/i386-linux-gnu/libc_nonshared.a(atexit.oS)
 .data          0x000000000804e3e4        0x0 /usr/lib/gcc/i486-linux-gnu/4.7/crtend.o
 .data          0x000000000804e3e4        0x0 /usr/lib/gcc/i486-linux-gnu/4.7/../../../i386-linux-gnu/crtn.o

.tm_clone_table
                0x000000000804e3e4        0x0
 .tm_clone_table
                0x000000000804e3e4        0x0 /usr/lib/gcc/i486-linux-gnu/4.7/crtbegin.o
 .tm_clone_table
                0x000000000804e3e4        0x0 /usr/lib/gcc/i486-linux-gnu/4.7/crtend.o

.data1
 *(.data1)
                0x000000000804e3e4                _edata = .
                0x000000000804e3e4                PROVIDE (edata, .)
                0x000000000804e3e4                __bss_start = .

.bss            0x000000000804e400       0xc8
 *(.dynbss)
 *fill*         0x000000000804e400        0x0 00
 .dynbss        0x000000000804e400       0x24 /usr/lib/gcc/i486-linux-gnu/4.7/../../../i386-linux-gnu/crt1.o
                0x000000000804e400                __progname@@GLIBC_2.0
                0x000000000804e400                program_invocation_short_name@@GLIBC_2.0
                0x000000000804e404                stderr@@GLIBC_2.0
                0x000000000804e410                optind@@GLIBC_2.0
                0x000000000804e420                optarg@@GLIBC_2.0
 *(.bss .bss.* .gnu.linkonce.b.*)
 .bss           0x000000000804e424        0x0 /usr/lib/gcc/i486-linux-gnu/4.7/../../../i386-linux-gnu/crt1.o
 .bss           0x000000000804e424        0x0 /usr/lib/gcc/i486-linux-gnu/4.7/../../../i386-linux-gnu/crti.o
 .bss           0x000000000804e424        0x1 /usr/lib/gcc/i486-linux-gnu/4.7/crtbegin.o
 *fill*         0x000000000804e425        0x3 00
 .bss           0x000000000804e428       0x14 igmp.o
 .bss           0x000000000804e43c        0x0 inet.o
 .bss           0x000000000804e43c        0x4 kern.o
                0x000000000804e43c                curttl
 .bss           0x000000000804e440       0x10 mrinfo.o
                0x000000000804e440                target_level
                0x000000000804e444                nflag
                0x000000000804e448                debug
                0x000000000804e44c                target_addr
 .bss           0x000000000804e450        0x0 strlcpy.o
 .bss           0x000000000804e450        0x8 pidfile.o
 .bss           0x000000000804e458        0x0 strtonum.o
 .bss           0x000000000804e458        0x0 /usr/lib/i386-linux-gnu/libc_nonshared.a(elf-init.oS)
 .bss           0x000000000804e458        0x0 /usr/lib/i386-linux-gnu/libc_nonshared.a(atexit.oS)
 .bss           0x000000000804e458        0x0 /usr/lib/gcc/i486-linux-gnu/4.7/crtend.o
 .bss           0x000000000804e458        0x0 /usr/lib/gcc/i486-linux-gnu/4.7/../../../i386-linux-gnu/crtn.o
 *(COMMON)
 COMMON         0x000000000804e458       0x1c igmp.o
                0x000000000804e458                dvmrp_group
                0x000000000804e45c                send_buf
                0x000000000804e460                dvmrp_genid
                0x000000000804e464                igmp_socket
                0x000000000804e468                allhosts_group
                0x000000000804e46c                recv_buf
                0x000000000804e470                allrtrs_group
 COMMON         0x000000000804e474       0x4c inet.o
                0x000000000804e474                s2
                0x000000000804e487                s4
                0x000000000804e49a                s1
                0x000000000804e4ad                s3
 COMMON         0x000000000804e4c0        0x6 mrinfo.o
                0x000000000804e4c0                our_addr
                0x000000000804e4c4                numvifs
                0x000000000804e4c8                . = ALIGN ((. != 0x0)?0x4:0x1)
 *fill*         0x000000000804e4c6        0x2 00
                0x000000000804e4c8                . = ALIGN (0x4)
                0x000000000804e4c8                . = ALIGN (0x4)
                0x000000000804e4c8                _end = .
                0x000000000804e4c8                PROVIDE (end, .)
                0x000000000804e4c8                . = DATA_SEGMENT_END (.)

.stab
 *(.stab)

.stabstr
 *(.stabstr)

.stab.excl
 *(.stab.excl)

.stab.exclstr
 *(.stab.exclstr)

.stab.index
 *(.stab.index)

.stab.indexstr
 *(.stab.indexstr)

.comment        0x0000000000000000       0x38
 *(.comment)
 .comment       0x0000000000000000       0x1c /usr/lib/gcc/i486-linux-gnu/4.7/crtbegin.o
                                         0x1d (size before relaxing)
 .comment       0x0000000000000000       0x1d igmp.o
 .comment       0x0000000000000000       0x1d inet.o
 .comment       0x0000000000000000       0x1d kern.o
 .comment       0x0000000000000000       0x1d mrinfo.o
 .comment       0x0000000000000000       0x1d strlcpy.o
 .comment       0x0000000000000000       0x1d pidfile.o
 .comment       0x0000000000000000       0x1d strtonum.o
 .comment       0x000000000000001c       0x1c /usr/lib/i386-linux-gnu/libc_nonshared.a(elf-init.oS)
                                         0x1d (size before relaxing)
 .comment       0x0000000000000000       0x1d /usr/lib/i386-linux-gnu/libc_nonshared.a(atexit.oS)
 .comment       0x0000000000000000       0x1d /usr/lib/gcc/i486-linux-gnu/4.7/crtend.o

.debug
 *(.debug)

.line
 *(.line)

.debug_srcinfo
 *(.debug_srcinfo)

.debug_sfnames
 *(.debug_sfnames)

.debug_aranges
 *(.debug_aranges)

.debug_pubnames
 *(.debug_pubnames)

.debug_info
 *(.debug_info .gnu.linkonce.wi.*)

.debug_abbrev
 *(.debug_abbrev)

.debug_line
 *(.debug_line)

.debug_frame
 *(.debug_frame)

.debug_str
 *(.debug_str)

.debug_loc
 *(.debug_loc)

.debug_macinfo
 *(.debug_macinfo)

.debug_weaknames
 *(.debug_weaknames)

.debug_funcnames
 *(.debug_funcnames)

.debug_typenames
 *(.debug_typenames)

.debug_varnames
 *(.debug_varnames)

.debug_pubtypes
 *(.debug_pubtypes)

.debug_ranges
 *(.debug_ranges)

.gnu.attributes
 *(.gnu.attributes)

/DISCARD/
 *(.note.GNU-stack)
 *(.gnu_debuglink)
 *(.gnu.lto_*)
OUTPUT(mrinfo elf32-i386)
