Archive member included because of file (symbol)

/usr/lib/i386-linux-gnu/libc_nonshared.a(elf-init.oS)
                              /usr/lib/gcc/i486-linux-gnu/4.7/../../../i386-linux-gnu/crt1.o (__libc_csu_fini)
/usr/lib/i386-linux-gnu/libc_nonshared.a(atexit.oS)
                              pidfile.o (atexit)

Allocating common symbols
Common symbol       size              file

vifs_down           0x4               vif.o
dvmrp_group         0x4               igmp.o
yynerrs             0x4               cfparse.o
delay_change_reports
                    0x4               route.o
yydebug             0x4               cfparse.o
s2                  0x13              inet.o
s4                  0x13              inet.o
gtp                 0x4               prune.o
send_buf            0x4               igmp.o
dvmrp_genid         0x4               igmp.o
routing_table       0x4               route.o
mrouted_init_time   0x4               main.o
uvifs               0x1080            vif.o
nbrs                0x100             vif.o
yyerrflag           0x4               cfparse.o
yychar              0x4               cfparse.o
nroutes             0x4               route.o
kroutes             0x4               prune.o
vifs_with_neighbors
                    0x4               vif.o
s1                  0x13              inet.o
s3                  0x13              inet.o
yyval               0x8               cfparse.o
versionstring       0x64              main.o
igmp_socket         0x4               igmp.o
allhosts_group      0x4               igmp.o
kernel_table        0x4               prune.o
boundlist           0xf0              cfparse.o
recv_buf            0x4               igmp.o
yylval              0x8               cfparse.o
numvifs             0x2               vif.o
allrtrs_group       0x4               igmp.o
routes_changed      0x4               route.o
phys_vif            0x4               vif.o
udp_socket          0x4               vif.o

Discarded input sections

 .note.GNU-stack
                0x0000000000000000        0x0 /usr/lib/gcc/i486-linux-gnu/4.7/../../../i386-linux-gnu/crt1.o
 .gnu_debuglink
                0x0000000000000000        0xc /usr/lib/gcc/i486-linux-gnu/4.7/../../../i386-linux-gnu/crt1.o
 .note.GNU-stack
                0x0000000000000000        0x0 /usr/lib/gcc/i486-linux-gnu/4.7/../../../i386-linux-gnu/crti.o
 .gnu_debuglink
                0x0000000000000000        0xc /usr/lib/gcc/i486-linux-gnu/4.7/../../../i386-linux-gnu/crti.o
 .note.GNU-stack
                0x0000000000000000        0x0 /usr/lib/gcc/i486-linux-gnu/4.7/crtbegin.o
 .note.GNU-stack
                0x0000000000000000        0x0 igmp.o
 .note.GNU-stack
                0x0000000000000000        0x0 inet.o
 .note.GNU-stack
                0x0000000000000000        0x0 kern.o
 .note.GNU-stack
                0x0000000000000000        0x0 config.o
 .note.GNU-stack
                0x0000000000000000        0x0 cfparse.o
 .note.GNU-stack
                0x0000000000000000        0x0 main.o
 .note.GNU-stack
                0x0000000000000000        0x0 route.o
 .note.GNU-stack
                0x0000000000000000        0x0 vif.o
 .note.GNU-stack
                0x0000000000000000        0x0 prune.o
 .note.GNU-stack
                0x0000000000000000        0x0 callout.o
 .note.GNU-stack
                0x0000000000000000        0x0 icmp.o
 .note.GNU-stack
                0x0000000000000000        0x0 ipip.o
 .note.GNU-stack
                0x0000000000000000        0x0 vers.o
 .note.GNU-stack
                0x0000000000000000        0x0 rsrr.o
 .note.GNU-stack
                0x0000000000000000        0x0 strlcpy.o
 .note.GNU-stack
                0x0000000000000000        0x0 pidfile.o
 .note.GNU-stack
                0x0000000000000000        0x0 strtonum.o
 .group         0x0000000000000000        0x8 /usr/lib/i386-linux-gnu/libc_nonshared.a(elf-init.oS)
 .note.GNU-stack
                0x0000000000000000        0x0 /usr/lib/i386-linux-gnu/libc_nonshared.a(elf-init.oS)
 .group         0x0000000000000000        0x8 /usr/lib/i386-linux-gnu/libc_nonshared.a(atexit.oS)
 .text.__i686.get_pc_thunk.bx
                0x0000000000000000        0x4 /usr/lib/i386-linux-gnu/libc_nonshared.a(atexit.oS)
 .note.GNU-stack
                0x0000000000000000        0x0 /usr/lib/i386-linux-gnu/libc_nonshared.a(atexit.oS)
 .note.GNU-stack
                0x0000000000000000        0x0 /usr/lib/gcc/i486-linux-gnu/4.7/crtend.o
 .note.GNU-stack
                0x0000000000000000        0x0 /usr/lib/gcc/i486-linux-gnu/4.7/../../../i386-linux-gnu/crtn.o
 .gnu_debuglink
                0x0000000000000000        0xc /usr/lib/gcc/i486-linux-gnu/4.7/../../../i386-linux-gnu/crtn.o

Memory Configuration

Name             Origin             Length             Attributes
*default*        0x0000000000000000 0xffffffffffffffff

Linker script and memory map

LOAD /usr/lib/gcc/i486-linux-gnu/4.7/../../../i386-linux-gnu/crt1.o
LOAD /usr/lib/gcc/i486-linux-gnu/4.7/../../../i386-linux-gnu/crti.o
LOAD /usr/lib/gcc/i486-linux-gnu/4.7/crtbegin.o
LOAD igmp.o
LOAD inet.o
LOAD kern.o
LOAD config.o
LOAD cfparse.o
LOAD main.o
LOAD route.o
LOAD vif.o
LOAD prune.o
LOAD callout.o
LOAD icmp.o
LOAD ipip.o
LOAD vers.o
LOAD rsrr.o
LOAD strlcpy.o
LOAD pidfile.o
LOAD strtonum.o
LOAD /usr/lib/gcc/i486-linux-gnu/4.7/libgcc.a
LOAD /usr/lib/gcc/i486-linux-gnu/4.7/libgcc_s.so
LOAD /usr/lib/gcc/i486-linux-gnu/4.7/../../../i386-linux-gnu/libc.so
START GROUP
LOAD /lib/i386-linux-gnu/libc.so.6
LOAD /usr/lib/i386-linux-gnu/libc_nonshared.a
LOAD /lib/i386-linux-gnu/ld-linux.so.2
END GROUP
LOAD /usr/lib/gcc/i486-linux-gnu/4.7/libgcc.a
LOAD /usr/lib/gcc/i486-linux-gnu/4.7/libgcc_s.so
LOAD /usr/lib/gcc/i486-linux-gnu/4.7/crtend.o
LOAD /usr/lib/gcc/i486-linux-gnu/4.7/../../../i386-linux-gnu/crtn.o
                0x0000000008048000                PROVIDE (__executable_start, 0x8048000)
                0x0000000008048134                . = (0x8048000 + SIZEOF_HEADERS)

.interp         0x0000000008048134       0x13
 *(.interp)
 .interp        0x0000000008048134       0x13 /usr/lib/gcc/i486-linux-gnu/4.7/../../../i386-linux-gnu/crt1.o

.note.ABI-tag   0x0000000008048148       0x20
 .note.ABI-tag  0x0000000008048148       0x20 /usr/lib/gcc/i486-linux-gnu/4.7/../../../i386-linux-gnu/crt1.o

.note.gnu.build-id
                0x0000000008048168       0x24
 *(.note.gnu.build-id)
 .note.gnu.build-id
                0x0000000008048168       0x24 /usr/lib/gcc/i486-linux-gnu/4.7/../../../i386-linux-gnu/crt1.o

.hash           0x000000000804818c      0x258
 *(.hash)
 .hash          0x000000000804818c      0x258 /usr/lib/gcc/i486-linux-gnu/4.7/../../../i386-linux-gnu/crt1.o

.gnu.hash       0x00000000080483e4       0x3c
 *(.gnu.hash)
 .gnu.hash      0x00000000080483e4       0x3c /usr/lib/gcc/i486-linux-gnu/4.7/../../../i386-linux-gnu/crt1.o

.dynsym         0x0000000008048420      0x510
 *(.dynsym)
 .dynsym        0x0000000008048420      0x510 /usr/lib/gcc/i486-linux-gnu/4.7/../../../i386-linux-gnu/crt1.o

.dynstr         0x0000000008048930      0x2a3
 *(.dynstr)
 .dynstr        0x0000000008048930      0x2a3 /usr/lib/gcc/i486-linux-gnu/4.7/../../../i386-linux-gnu/crt1.o

.gnu.version    0x0000000008048bd4       0xa2
 *(.gnu.version)
 .gnu.version   0x0000000008048bd4       0xa2 /usr/lib/gcc/i486-linux-gnu/4.7/../../../i386-linux-gnu/crt1.o

.gnu.version_d  0x0000000008048c78        0x0
 *(.gnu.version_d)
 .gnu.version_d
                0x0000000000000000        0x0 /usr/lib/gcc/i486-linux-gnu/4.7/../../../i386-linux-gnu/crt1.o

.gnu.version_r  0x0000000008048c78       0x50
 *(.gnu.version_r)
 .gnu.version_r
                0x0000000008048c78       0x50 /usr/lib/gcc/i486-linux-gnu/4.7/../../../i386-linux-gnu/crt1.o

.rel.dyn        0x0000000008048cc8       0x28
 *(.rel.init)
 *(.rel.text .rel.text.* .rel.gnu.linkonce.t.*)
 .rel.text      0x0000000000000000        0x0 /usr/lib/gcc/i486-linux-gnu/4.7/../../../i386-linux-gnu/crt1.o
 .rel.text.startup
                0x0000000000000000        0x0 /usr/lib/gcc/i486-linux-gnu/4.7/../../../i386-linux-gnu/crt1.o
 *(.rel.fini)
 *(.rel.rodata .rel.rodata.* .rel.gnu.linkonce.r.*)
 *(.rel.data.rel.ro* .rel.gnu.linkonce.d.rel.ro.*)
 *(.rel.data .rel.data.* .rel.gnu.linkonce.d.*)
 *(.rel.tdata .rel.tdata.* .rel.gnu.linkonce.td.*)
 *(.rel.tbss .rel.tbss.* .rel.gnu.linkonce.tb.*)
 *(.rel.ctors)
 *(.rel.dtors)
 *(.rel.got)
 .rel.got       0x0000000008048cc8        0x8 /usr/lib/gcc/i486-linux-gnu/4.7/../../../i386-linux-gnu/crt1.o
 *(.rel.bss .rel.bss.* .rel.gnu.linkonce.b.*)
 .rel.bss       0x0000000008048cd0       0x20 /usr/lib/gcc/i486-linux-gnu/4.7/../../../i386-linux-gnu/crt1.o
 *(.rel.ifunc)

.rel.plt        0x0000000008048cf0      0x250
 *(.rel.plt)
 .rel.plt       0x0000000008048cf0      0x250 /usr/lib/gcc/i486-linux-gnu/4.7/../../../i386-linux-gnu/crt1.o
                0x0000000008048f40                PROVIDE (__rel_iplt_start, .)
 *(.rel.iplt)
 .rel.iplt      0x0000000000000000        0x0 /usr/lib/gcc/i486-linux-gnu/4.7/../../../i386-linux-gnu/crt1.o
                0x0000000008048f40                PROVIDE (__rel_iplt_end, .)

.init           0x0000000008048f40       0x26
 *(.init)
 .init          0x0000000008048f40       0x22 /usr/lib/gcc/i486-linux-gnu/4.7/../../../i386-linux-gnu/crti.o
                0x0000000008048f40                _init
 .init          0x0000000008048f62        0x4 /usr/lib/gcc/i486-linux-gnu/4.7/../../../i386-linux-gnu/crtn.o

.plt            0x0000000008048f70      0x4b0
 *(.plt)
 .plt           0x0000000008048f70      0x4b0 /usr/lib/gcc/i486-linux-gnu/4.7/../../../i386-linux-gnu/crt1.o
                0x0000000008048f80                setsockopt@@GLIBC_2.0
                0x0000000008048f90                dup2@@GLIBC_2.0
                0x0000000008048fa0                strcmp@@GLIBC_2.0
                0x0000000008048fb0                read@@GLIBC_2.0
                0x0000000008048fc0                fflush@@GLIBC_2.0
                0x0000000008048fd0                memmove@@GLIBC_2.0
                0x0000000008048fe0                gethostid@@GLIBC_2.0
                0x0000000008048ff0                free@@GLIBC_2.0
                0x0000000008049000                setlogmask@@GLIBC_2.0
                0x0000000008049010                fgets@@GLIBC_2.0
                0x0000000008049020                fclose@@GLIBC_2.1
                0x0000000008049030                time@@GLIBC_2.0
                0x0000000008049040                gettimeofday@@GLIBC_2.0
                0x0000000008049050                ctime@@GLIBC_2.0
                0x0000000008049060                recvfrom@@GLIBC_2.0
                0x0000000008049070                geteuid@@GLIBC_2.0
                0x0000000008049080                unlink@@GLIBC_2.0
                0x0000000008049090                err@@GLIBC_2.0
                0x00000000080490a0                getsockopt@@GLIBC_2.0
                0x00000000080490b0                ioctl@@GLIBC_2.0
                0x00000000080490c0                poll@@GLIBC_2.0
                0x00000000080490d0                fwrite@@GLIBC_2.0
                0x00000000080490e0                usleep@@GLIBC_2.0
                0x00000000080490f0                strtoll@@GLIBC_2.0
                0x0000000008049100                getpid@@GLIBC_2.0
                0x0000000008049110                __cxa_atexit@@GLIBC_2.1.3
                0x0000000008049120                realloc@@GLIBC_2.0
                0x0000000008049130                malloc@@GLIBC_2.0
                0x0000000008049140                puts@@GLIBC_2.0
                0x0000000008049150                system@@GLIBC_2.0
                0x0000000008049160                strerror@@GLIBC_2.0
                0x0000000008049180                exit@@GLIBC_2.0
                0x0000000008049190                kill@@GLIBC_2.0
                0x00000000080491a0                open@@GLIBC_2.0
                0x00000000080491b0                getopt_long@@GLIBC_2.0
                0x00000000080491c0                localtime@@GLIBC_2.0
                0x00000000080491d0                srand@@GLIBC_2.0
                0x00000000080491e0                strchr@@GLIBC_2.0
                0x00000000080491f0                fscanf@@GLIBC_2.0
                0x0000000008049200                strlen@@GLIBC_2.0
                0x0000000008049210                __libc_start_main@@GLIBC_2.0
                0x0000000008049220                fprintf@@GLIBC_2.0
                0x0000000008049230                setlinebuf@@GLIBC_2.0
                0x0000000008049240                warnx@@GLIBC_2.0
                0x0000000008049250                bind@@GLIBC_2.0
                0x0000000008049260                fopen@@GLIBC_2.1
                0x0000000008049270                memset@@GLIBC_2.0
                0x0000000008049280                getifaddrs@@GLIBC_2.3
                0x0000000008049290                mkdir@@GLIBC_2.0
                0x00000000080492a0                snprintf@@GLIBC_2.0
                0x00000000080492b0                __errno_location@@GLIBC_2.0
                0x00000000080492c0                asprintf@@GLIBC_2.0
                0x00000000080492d0                rand@@GLIBC_2.0
                0x00000000080492e0                freeifaddrs@@GLIBC_2.3
                0x00000000080492f0                sendto@@GLIBC_2.0
                0x0000000008049300                fork@@GLIBC_2.0
                0x0000000008049310                sigemptyset@@GLIBC_2.0
                0x0000000008049320                warn@@GLIBC_2.0
                0x0000000008049330                sendmsg@@GLIBC_2.0
                0x0000000008049340                fputc@@GLIBC_2.0
                0x0000000008049350                sscanf@@GLIBC_2.0
                0x0000000008049360                syslog@@GLIBC_2.0
                0x0000000008049370                openlog@@GLIBC_2.0
                0x0000000008049380                remove@@GLIBC_2.0
                0x0000000008049390                vsnprintf@@GLIBC_2.0
                0x00000000080493a0                qsort@@GLIBC_2.0
                0x00000000080493b0                socket@@GLIBC_2.0
                0x00000000080493c0                sigaction@@GLIBC_2.0
                0x00000000080493d0                strncmp@@GLIBC_2.0
                0x00000000080493e0                gethostbyname@@GLIBC_2.0
                0x00000000080493f0                fputs@@GLIBC_2.0
                0x0000000008049400                close@@GLIBC_2.0
                0x0000000008049410                calloc@@GLIBC_2.0
 *(.iplt)
 .iplt          0x0000000000000000        0x0 /usr/lib/gcc/i486-linux-gnu/4.7/../../../i386-linux-gnu/crt1.o

.text           0x0000000008049420    0x1305c
 *(.text.unlikely .text.*_unlikely)
 *(.text.exit .text.exit.*)
 *(.text.startup .text.startup.*)
 .text.startup  0x0000000008049420      0xdb3 main.o
                0x0000000008049420                main
 *(.text.hot .text.hot.*)
 *(.text .stub .text.* .gnu.linkonce.t.*)
 *fill*         0x000000000804a1d3        0x1 90909090
 .text          0x000000000804a1d4       0x24 /usr/lib/gcc/i486-linux-gnu/4.7/../../../i386-linux-gnu/crt1.o
                0x000000000804a1d4                _start
 .text          0x000000000804a1f8        0x0 /usr/lib/gcc/i486-linux-gnu/4.7/../../../i386-linux-gnu/crti.o
 *fill*         0x000000000804a1f8        0x8 90909090
 .text          0x000000000804a200       0xbc /usr/lib/gcc/i486-linux-gnu/4.7/crtbegin.o
 *fill*         0x000000000804a2bc        0x4 90909090
 .text          0x000000000804a2c0      0xb95 igmp.o
                0x000000000804a2c0                init_igmp
                0x000000000804a3d0                igmp_packet_kind
                0x000000000804a5c0                igmp_debug_kind
                0x000000000804a610                accept_igmp
                0x000000000804ab30                build_igmp
                0x000000000804abc0                send_igmp
 *fill*         0x000000000804ae55        0xb 90909090
 .text          0x000000000804ae60      0x3e2 inet.o
                0x000000000804ae60                inet_valid_host
                0x000000000804ae90                inet_valid_mask
                0x000000000804aeb0                inet_valid_subnet
                0x000000000804af40                inet_fmt
                0x000000000804af90                inet_fmts
                0x000000000804b0f0                inet_parse
                0x000000000804b1d0                inet_cksum
 *fill*         0x000000000804b242        0xe 90909090
 .text          0x000000000804b250      0x99f kern.o
                0x000000000804b250                k_init_dvmrp
                0x000000000804b2e0                k_stop_dvmrp
                0x000000000804b340                k_set_rcvbuf
                0x000000000804b4a0                k_hdr_include
                0x000000000804b510                k_set_ttl
                0x000000000804b590                k_set_loop
                0x000000000804b600                k_set_if
                0x000000000804b6b0                k_join
                0x000000000804b770                k_leave
                0x000000000804b830                k_add_vif
                0x000000000804b8d0                k_del_vif
                0x000000000804b980                k_add_rg
                0x000000000804baa0                k_del_rg
                0x000000000804bb80                k_get_version
 *fill*         0x000000000804bbef        0x1 90909090
 .text          0x000000000804bbf0      0x3f4 config.o
                0x000000000804bbf0                config_vifs_from_kernel
 *fill*         0x000000000804bfe4        0xc 90909090
 .text          0x000000000804bff0     0x1bc2 cfparse.o
                0x000000000804c5a0                yyparse
                0x000000000804db20                config_vifs_from_file
 *fill*         0x000000000804dbb2        0xe 90909090
 .text          0x000000000804dbc0      0x8f6 main.o
                0x000000000804e090                register_input_handler
                0x000000000804e0d0                scaletime
                0x000000000804e230                logit
 *fill*         0x000000000804e4b6        0xa 90909090
 .text          0x000000000804e4c0     0x2df8 route.o
                0x000000000804eae0                init_routes
                0x000000000804eb20                add_vif_to_routes
                0x000000000804ebb0                delete_vif_from_routes
                0x000000000804ec90                add_neighbor_to_routes
                0x000000000804ed70                delete_neighbor_from_routes
                0x000000000804ef30                start_route_updates
                0x000000000804ef40                update_route
                0x000000000804fec0                age_routes
                0x0000000008050080                expire_all_routes
                0x00000000080500b0                free_all_routes
                0x00000000080500e0                accept_probe
                0x00000000080502c0                blaster_alloc
                0x0000000008050320                report
                0x0000000008050380                report_to_all_neighbors
                0x0000000008050420                accept_report
                0x0000000008050e10                report_next_chunk
                0x0000000008050f70                dump_routes
                0x0000000008051290                determine_route
 *fill*         0x00000000080512b8        0x8 90909090
 .text          0x00000000080512c0     0x34f5 vif.o
                0x00000000080514c0                zero_vif
                0x00000000080515a0                init_installvifs
                0x0000000008051700                send_on_vif
                0x00000000080519a0                check_vif_state
                0x0000000008051cf0                init_vifs
                0x0000000008051f90                stop_all_vifs
                0x0000000008052040                find_vif
                0x0000000008052110                query_groups
                0x00000000080521a0                accept_membership_query
                0x0000000008052660                accept_group_report
                0x0000000008052830                accept_leave_message
                0x0000000008052a30                probe_for_neighbors
                0x0000000008052a80                accept_neighbor_request
                0x0000000008052c10                accept_neighbor_request2
                0x0000000008052e60                accept_info_request
                0x0000000008052f60                accept_neighbors
                0x0000000008052fe0                accept_neighbors2
                0x0000000008053080                accept_info_reply
                0x0000000008053100                update_neighbor
                0x0000000008053d70                age_vifs
                0x0000000008053fe0                neighbor_info
                0x0000000008054020                dump_vifs
 *fill*         0x00000000080547b5        0xb 90909090
 .text          0x00000000080547c0     0x619f prune.o
                0x00000000080550b0                determine_forwvifs
                0x0000000008055220                send_prune_or_graft
                0x0000000008055250                grplst_mem
                0x00000000080552a0                find_src_grp
                0x00000000080553a0                init_ktable
                0x00000000080553c0                add_table_entry
                0x0000000008055900                reset_neighbor_state
                0x0000000008055c70                del_table_entry
                0x00000000080560e0                update_table_entry
                0x0000000008056580                update_lclgrp
                0x0000000008056760                delete_lclgrp
                0x00000000080569c0                accept_prune
                0x0000000008057410                chkgrp_graft
                0x00000000080575f0                accept_graft
                0x0000000008057ce0                accept_g_ack
                0x0000000008057f80                free_all_prunes
                0x0000000008058070                steal_sources
                0x00000000080584b0                age_table_entry
                0x0000000008059330                dump_cache
                0x0000000008059930                accept_mtrace
 *fill*         0x000000000805a95f        0x1 90909090
 .text          0x000000000805a960      0x3a6 callout.o
                0x000000000805a960                callout_init
                0x000000000805a970                free_all_callouts
                0x000000000805a9a0                age_callout_queue
                0x000000000805aa50                timer_nextTimer
                0x000000000805aaa0                timer_setTimer
                0x000000000805abc0                timer_leftTimer
                0x000000000805ac00                timer_clearTimer
 *fill*         0x000000000805ad06        0xa 90909090
 .text          0x000000000805ad10      0x456 icmp.o
                0x000000000805b0c0                init_icmp
 *fill*         0x000000000805b166        0xa 90909090
 .text          0x000000000805b170      0x356 ipip.o
                0x000000000805b170                init_ipip
                0x000000000805b180                init_ipip_on_vif
                0x000000000805b210                send_ipip
 *fill*         0x000000000805b4c6        0x2 90909090
 .text          0x000000000805b4c8        0x0 vers.o
 *fill*         0x000000000805b4c8        0x8 90909090
 .text          0x000000000805b4d0      0xae3 rsrr.o
                0x000000000805bcb0                rsrr_init
                0x000000000805be70                rsrr_cache_send
                0x000000000805bf10                rsrr_cache_clean
                0x000000000805bfa0                rsrr_clean
 *fill*         0x000000000805bfb3        0xd 90909090
 .text          0x000000000805bfc0       0x5d strlcpy.o
                0x000000000805bfc0                strlcpy
 *fill*         0x000000000805c01d        0x3 90909090
 .text          0x000000000805c020      0x1d6 pidfile.o
                0x000000000805c050                pidfile
 *fill*         0x000000000805c1f6        0xa 90909090
 .text          0x000000000805c200      0x1c5 strtonum.o
                0x000000000805c200                strtonum
 *fill*         0x000000000805c3c5        0xb 90909090
 .text          0x000000000805c3d0       0x6a /usr/lib/i386-linux-gnu/libc_nonshared.a(elf-init.oS)
                0x000000000805c3d0                __libc_csu_fini
                0x000000000805c3e0                __libc_csu_init
 .text.__i686.get_pc_thunk.bx
                0x000000000805c43a        0x4 /usr/lib/i386-linux-gnu/libc_nonshared.a(elf-init.oS)
                0x000000000805c43a                __i686.get_pc_thunk.bx
 *fill*         0x000000000805c43e        0x2 90909090
 .text          0x000000000805c440       0x3b /usr/lib/i386-linux-gnu/libc_nonshared.a(atexit.oS)
                0x000000000805c440                atexit
 *fill*         0x000000000805c47b        0x1 90909090
 .text          0x000000000805c47c        0x0 /usr/lib/gcc/i486-linux-gnu/4.7/crtend.o
 .text          0x000000000805c47c        0x0 /usr/lib/gcc/i486-linux-gnu/4.7/../../../i386-linux-gnu/crtn.o
 *(.gnu.warning)

.fini           0x000000000805c47c       0x17
 *(.fini)
 .fini          0x000000000805c47c       0x13 /usr/lib/gcc/i486-linux-gnu/4.7/../../../i386-linux-gnu/crti.o
                0x000000000805c47c                _fini
 .fini          0x000000000805c48f        0x4 /usr/lib/gcc/i486-linux-gnu/4.7/../../../i386-linux-gnu/crtn.o
                0x000000000805c493                PROVIDE (__etext, .)
                0x000000000805c493                PROVIDE (_etext, .)
                0x000000000805c493                PROVIDE (etext, .)

.rodata         0x000000000805c4a0     0x5975
 *(.rodata .rodata.* .gnu.linkonce.r.*)
 .rodata        0x000000000805c4a0        0x4 /usr/lib/gcc/i486-linux-gnu/4.7/../../../i386-linux-gnu/crt1.o
                0x000000000805c4a0                _fp_hw
 .rodata.cst4   0x000000000805c4a4        0x4 /usr/lib/gcc/i486-linux-gnu/4.7/../../../i386-linux-gnu/crt1.o
                0x000000000805c4a4                _IO_stdin_used
 .rodata.str1.1
                0x000000000805c4a8      0x290 igmp.o
 *fill*         0x000000000805c738        0x8 00
 .rodata        0x000000000805c740      0x12c igmp.o
 .rodata.str1.4
                0x000000000805c86c      0x128 igmp.o
 .rodata.str1.1
                0x000000000805c994       0x31 inet.o
                                         0x4c (size before relaxing)
 *fill*         0x000000000805c9c5        0x3 00
 .rodata.str1.4
                0x000000000805c9c8      0x224 kern.o
 .rodata.str1.1
                0x000000000805cbec       0x4e kern.o
 .rodata.str1.1
                0x000000000805cc3a       0x26 config.o
 .rodata.str1.4
                0x000000000805cc60       0xc4 config.o
 .rodata.str1.1
                0x000000000805cd24      0x2af cfparse.o
                                        0x2e7 (size before relaxing)
 *fill*         0x000000000805cfd3        0x1 00
 .rodata.str1.4
                0x000000000805cfd4      0x491 cfparse.o
 *fill*         0x000000000805d465       0x1b 00
 .rodata        0x000000000805d480     0x13e6 cfparse.o
 *fill*         0x000000000805e866        0x2 00
 .rodata.str1.4
                0x000000000805e868      0x392 main.o
 .rodata.str1.1
                0x000000000805ebfa      0x248 main.o
                                        0x2a8 (size before relaxing)
 *fill*         0x000000000805ee42       0x1e 00
 .rodata        0x000000000805ee60      0x1d7 main.o
 .rodata.str1.1
                0x000000000805f037       0x8e route.o
                                         0x95 (size before relaxing)
 *fill*         0x000000000805f0c5        0x3 00
 .rodata.str1.4
                0x000000000805f0c8      0x6ec route.o
 .rodata.str1.1
                0x000000000805f7b4      0x2cb vif.o
                                        0x346 (size before relaxing)
 *fill*         0x000000000805fa7f        0x1 00
 .rodata.str1.4
                0x000000000805fa80      0x974 vif.o
 *fill*         0x00000000080603f4        0xc 00
 .rodata        0x0000000008060400       0xb8 vif.o
 .rodata.str1.4
                0x00000000080604b8      0xea0 prune.o
 .rodata.str1.1
                0x0000000008061358      0x340 prune.o
                                        0x346 (size before relaxing)
 .rodata.str1.4
                0x0000000008061698       0x8c callout.o
 .rodata.str1.1
                0x0000000008061724       0x30 callout.o
 .rodata.str1.1
                0x0000000008061754      0x1fc icmp.o
 .rodata.str1.4
                0x0000000008061950       0x6f icmp.o
 *fill*         0x00000000080619bf        0x1 00
 .rodata        0x00000000080619c0       0x40 icmp.o
 .rodata.str1.4
                0x0000000008061a00       0x53 ipip.o
 .rodata.str1.1
                0x0000000008061a53       0x14 ipip.o
                                         0x1f (size before relaxing)
 .rodata.str1.1
                0x0000000008061a67       0xc6 rsrr.o
                                         0xc7 (size before relaxing)
 *fill*         0x0000000008061b2d        0x3 00
 .rodata.str1.4
                0x0000000008061b30      0x2c4 rsrr.o
                                        0x2c1 (size before relaxing)
 .rodata.str1.1
                0x0000000008061df4        0x5 pidfile.o
                                         0x1a (size before relaxing)
 .rodata.str1.1
                0x0000000008061df9       0x1c strtonum.o

.rodata1
 *(.rodata1)

.eh_frame_hdr   0x0000000008061e18      0x4a4
 *(.eh_frame_hdr)
 .eh_frame_hdr  0x0000000008061e18      0x4a4 /usr/lib/gcc/i486-linux-gnu/4.7/../../../i386-linux-gnu/crt1.o

.eh_frame       0x00000000080622bc     0x1e98
 *(.eh_frame)
 .eh_frame      0x00000000080622bc       0x3c /usr/lib/gcc/i486-linux-gnu/4.7/../../../i386-linux-gnu/crt1.o
                                         0x40 (size before relaxing)
 .eh_frame      0x00000000080622f8      0x124 igmp.o
                                        0x13c (size before relaxing)
 .eh_frame      0x000000000806241c      0x130 inet.o
                                        0x148 (size before relaxing)
 .eh_frame      0x000000000806254c      0x258 kern.o
                                        0x270 (size before relaxing)
 .eh_frame      0x00000000080627a4       0x44 config.o
                                         0x5c (size before relaxing)
 .eh_frame      0x00000000080627e8      0x178 cfparse.o
                                        0x190 (size before relaxing)
 .eh_frame      0x0000000008062960      0x198 main.o
                                        0x1b0 (size before relaxing)
 .eh_frame      0x0000000008062af8      0x5b0 route.o
                                        0x5c8 (size before relaxing)
 .eh_frame      0x00000000080630a8      0x630 vif.o
                                        0x648 (size before relaxing)
 .eh_frame      0x00000000080636d8      0x64c prune.o
                                        0x664 (size before relaxing)
 .eh_frame      0x0000000008063d24      0x110 callout.o
                                        0x128 (size before relaxing)
 .eh_frame      0x0000000008063e34       0x50 icmp.o
                                         0x68 (size before relaxing)
 .eh_frame      0x0000000008063e84       0x98 ipip.o
                                         0xb0 (size before relaxing)
 .eh_frame      0x0000000008063f1c      0x16c rsrr.o
                                        0x184 (size before relaxing)
 .eh_frame      0x0000000008064088       0x34 strlcpy.o
                                         0x4c (size before relaxing)
 .eh_frame      0x00000000080640bc       0x68 pidfile.o
                                         0x80 (size before relaxing)
 .eh_frame      0x0000000008064124       0x2c strtonum.o
                                         0x44 (size before relaxing)
 .eh_frame      0x0000000008064150        0x4 /usr/lib/gcc/i486-linux-gnu/4.7/crtend.o

.gcc_except_table
 *(.gcc_except_table .gcc_except_table.*)

.exception_ranges
 *(.exception_ranges .exception_ranges*)
                0x0000000008064154                . = (ALIGN (0x1000) - ((0x1000 - .) & 0xfff))
                0x0000000008065154                . = DATA_SEGMENT_ALIGN (0x1000, 0x1000)

.eh_frame
 *(.eh_frame)

.gcc_except_table
 *(.gcc_except_table .gcc_except_table.*)

.exception_ranges
 *(.exception_ranges .exception_ranges*)

.tdata
 *(.tdata .tdata.* .gnu.linkonce.td.*)

.tbss
 *(.tbss .tbss.* .gnu.linkonce.tb.*)
 *(.tcommon)

.preinit_array  0x0000000008065154        0x0
                0x0000000008065154                PROVIDE (__preinit_array_start, .)
 *(.preinit_array)
                0x0000000008065154                PROVIDE (__preinit_array_end, .)

.init_array     0x0000000008065154        0x4
                0x0000000008065154                PROVIDE (__init_array_start, .)
 *(SORT(.init_array.*) SORT(.ctors.*))
 *(.init_array)
 .init_array    0x0000000008065154        0x4 /usr/lib/gcc/i486-linux-gnu/4.7/crtbegin.o
 *(EXCLUDE_FILE(*crtend?.o *crtend.o *crtbegin?.o *crtbegin.o) .ctors)
                0x0000000008065158                PROVIDE (__init_array_end, .)

.fini_array     0x0000000008065158        0x4
                0x0000000008065158                PROVIDE (__fini_array_start, .)
 *(SORT(.fini_array.*) SORT(.dtors.*))
 *(.fini_array)
 .fini_array    0x0000000008065158        0x4 /usr/lib/gcc/i486-linux-gnu/4.7/crtbegin.o
 *(EXCLUDE_FILE(*crtend?.o *crtend.o *crtbegin?.o *crtbegin.o) .dtors)
                0x000000000806515c                PROVIDE (__fini_array_end, .)

.ctors
 *crtbegin.o(.ctors)
 *crtbegin?.o(.ctors)
 *(EXCLUDE_FILE(*crtend?.o *crtend.o) .ctors)
 *(SORT(.ctors.*))
 *(.ctors)

.dtors
 *crtbegin.o(.dtors)
 *crtbegin?.o(.dtors)
 *(EXCLUDE_FILE(*crtend?.o *crtend.o) .dtors)
 *(SORT(.dtors.*))
 *(.dtors)

.jcr            0x000000000806515c        0x4
 *(.jcr)
 .jcr           0x000000000806515c        0x0 /usr/lib/gcc/i486-linux-gnu/4.7/crtbegin.o
 .jcr           0x000000000806515c        0x4 /usr/lib/gcc/i486-linux-gnu/4.7/crtend.o

.data.rel.ro
 *(.data.rel.ro.local* .gnu.linkonce.d.rel.ro.local.*)
 *(.data.rel.ro* .gnu.linkonce.d.rel.ro.*)

.dynamic        0x0000000008065160       0xf0
 *(.dynamic)
 .dynamic       0x0000000008065160       0xf0 /usr/lib/gcc/i486-linux-gnu/4.7/../../../i386-linux-gnu/crt1.o
                0x0000000008065160                _DYNAMIC

.got            0x0000000008065250        0x8
 *(.got)
 .got           0x0000000008065250        0x8 /usr/lib/gcc/i486-linux-gnu/4.7/../../../i386-linux-gnu/crt1.o
 *(.igot)
                0x0000000008065258                . = DATA_SEGMENT_RELRO_END (., 0xc)

.got.plt        0x0000000008065258      0x134
 *(.got.plt)
 .got.plt       0x0000000008065258      0x134 /usr/lib/gcc/i486-linux-gnu/4.7/../../../i386-linux-gnu/crt1.o
                0x0000000008065258                _GLOBAL_OFFSET_TABLE_
 *(.igot.plt)
 .igot.plt      0x0000000000000000        0x0 /usr/lib/gcc/i486-linux-gnu/4.7/../../../i386-linux-gnu/crt1.o

.data           0x00000000080653a0      0x3e0
 *(.data .data.* .gnu.linkonce.d.*)
 .data          0x00000000080653a0        0x4 /usr/lib/gcc/i486-linux-gnu/4.7/../../../i386-linux-gnu/crt1.o
                0x00000000080653a0                data_start
                0x00000000080653a0                __data_start
 .data          0x00000000080653a4        0x0 /usr/lib/gcc/i486-linux-gnu/4.7/../../../i386-linux-gnu/crti.o
 .data          0x00000000080653a4        0x4 /usr/lib/gcc/i486-linux-gnu/4.7/crtbegin.o
                0x00000000080653a4                __dso_handle
 .data          0x00000000080653a8        0x0 igmp.o
 .data          0x00000000080653a8        0x0 inet.o
 .data          0x00000000080653a8        0x0 kern.o
 .data          0x00000000080653a8        0x0 config.o
 *fill*         0x00000000080653a8       0x18 00
 .data          0x00000000080653c0      0x194 cfparse.o
                0x00000000080653c0                configfilename
 *fill*         0x0000000008065554        0xc 00
 .data          0x0000000008065560      0x213 main.o
                0x0000000008065560                prune_lifetime
                0x0000000008065564                cache_lifetime
 *fill*         0x0000000008065773        0x1 00
 .data          0x0000000008065774        0x0 route.o
 .data          0x0000000008065774        0x0 vif.o
 .data          0x0000000008065774        0x0 prune.o
 .data          0x0000000008065774        0x0 callout.o
 .data          0x0000000008065774        0x0 icmp.o
 .data          0x0000000008065774        0x0 ipip.o
 .data          0x0000000008065774        0x6 vers.o
                0x0000000008065774                todaysversion
 *fill*         0x000000000806577a        0x2 00
 .data          0x000000000806577c        0x4 rsrr.o
 .data          0x0000000008065780        0x0 strlcpy.o
 .data          0x0000000008065780        0x0 pidfile.o
 .data          0x0000000008065780        0x0 strtonum.o
 .data          0x0000000008065780        0x0 /usr/lib/i386-linux-gnu/libc_nonshared.a(elf-init.oS)
 .data          0x0000000008065780        0x0 /usr/lib/i386-linux-gnu/libc_nonshared.a(atexit.oS)
 .data          0x0000000008065780        0x0 /usr/lib/gcc/i486-linux-gnu/4.7/crtend.o
 .data          0x0000000008065780        0x0 /usr/lib/gcc/i486-linux-gnu/4.7/../../../i386-linux-gnu/crtn.o

.tm_clone_table
                0x0000000008065780        0x0
 .tm_clone_table
                0x0000000008065780        0x0 /usr/lib/gcc/i486-linux-gnu/4.7/crtbegin.o
 .tm_clone_table
                0x0000000008065780        0x0 /usr/lib/gcc/i486-linux-gnu/4.7/crtend.o

.data1
 *(.data1)
                0x0000000008065780                _edata = .
                0x0000000008065780                PROVIDE (edata, .)
                0x0000000008065780                __bss_start = .

.bss            0x0000000008065780    0x119fc
 *(.dynbss)
 .dynbss        0x0000000008065780       0x24 /usr/lib/gcc/i486-linux-gnu/4.7/../../../i386-linux-gnu/crt1.o
                0x0000000008065780                __progname@@GLIBC_2.0
                0x0000000008065780                program_invocation_short_name@@GLIBC_2.0
                0x0000000008065784                stderr@@GLIBC_2.0
                0x0000000008065790                optind@@GLIBC_2.0
                0x00000000080657a0                optarg@@GLIBC_2.0
 *(.bss .bss.* .gnu.linkonce.b.*)
 .bss           0x00000000080657a4        0x0 /usr/lib/gcc/i486-linux-gnu/4.7/../../../i386-linux-gnu/crt1.o
 .bss           0x00000000080657a4        0x0 /usr/lib/gcc/i486-linux-gnu/4.7/../../../i386-linux-gnu/crti.o
 .bss           0x00000000080657a4        0x1 /usr/lib/gcc/i486-linux-gnu/4.7/crtbegin.o
 *fill*         0x00000000080657a5        0x3 00
 .bss           0x00000000080657a8       0x14 igmp.o
 .bss           0x00000000080657bc        0x0 inet.o
 .bss           0x00000000080657bc        0x4 kern.o
                0x00000000080657bc                curttl
 .bss           0x00000000080657c0        0x0 config.o
 .bss           0x00000000080657c0      0x460 cfparse.o
                0x00000000080657c0                numbounds
                0x00000000080657c4                allow_black_holes
 .bss           0x0000000008065c20       0x64 main.o
                0x0000000008065c20                virtual_time
                0x0000000008065c24                debug
                0x0000000008065c28                missingok
                0x0000000008065c2c                vifstatedefault
                0x0000000008065c30                did_final_init
 *fill*         0x0000000008065c84       0x1c 00
 .bss           0x0000000008065ca0    0x10024 route.o
 .bss           0x0000000008075cc4        0x4 vif.o
 .bss           0x0000000008075cc8        0x8 prune.o
 .bss           0x0000000008075cd0        0x8 callout.o
 .bss           0x0000000008075cd8       0x22 icmp.o
 *fill*         0x0000000008075cfa        0x2 00
 .bss           0x0000000008075cfc        0x4 ipip.o
 .bss           0x0000000008075d00        0x0 vers.o
 .bss           0x0000000008075d00       0x8e rsrr.o
 *fill*         0x0000000008075d8e        0x2 00
 .bss           0x0000000008075d90        0x0 strlcpy.o
 .bss           0x0000000008075d90        0x8 pidfile.o
 .bss           0x0000000008075d98        0x0 strtonum.o
 .bss           0x0000000008075d98        0x0 /usr/lib/i386-linux-gnu/libc_nonshared.a(elf-init.oS)
 .bss           0x0000000008075d98        0x0 /usr/lib/i386-linux-gnu/libc_nonshared.a(atexit.oS)
 .bss           0x0000000008075d98        0x0 /usr/lib/gcc/i486-linux-gnu/4.7/crtend.o
 .bss           0x0000000008075d98        0x0 /usr/lib/gcc/i486-linux-gnu/4.7/../../../i386-linux-gnu/crtn.o
 *(COMMON)
 COMMON         0x0000000008075d98       0x1c igmp.o
                0x0000000008075d98                dvmrp_group
                0x0000000008075d9c                send_buf
                0x0000000008075da0                dvmrp_genid
                0x0000000008075da4                igmp_socket
                0x0000000008075da8                allhosts_group
                0x0000000008075dac                recv_buf
                0x0000000008075db0                allrtrs_group
 COMMON         0x0000000008075db4       0x4c inet.o
                0x0000000008075db4                s2
                0x0000000008075dc7                s4
                0x0000000008075dda                s1
                0x0000000008075ded                s3
 COMMON         0x0000000008075e00      0x118 cfparse.o
                0x0000000008075e00                yynerrs
                0x0000000008075e04                yydebug
                0x0000000008075e08                yyerrflag
                0x0000000008075e0c                yychar
                0x0000000008075e10                yyval
                0x0000000008075e20                boundlist
                0x0000000008075f10                yylval
 *fill*         0x0000000008075f18        0x8 00
 COMMON         0x0000000008075f20       0x84 main.o
                0x0000000008075f20                mrouted_init_time
                0x0000000008075f40                versionstring
 COMMON         0x0000000008075fa4       0x10 route.o
                0x0000000008075fa4                delay_change_reports
                0x0000000008075fa8                routing_table
                0x0000000008075fac                nroutes
                0x0000000008075fb0                routes_changed
 *fill*         0x0000000008075fb4        0xc 00
 COMMON         0x0000000008075fc0     0x11b0 vif.o
                0x0000000008075fc0                vifs_down
                0x0000000008075fe0                uvifs
                0x0000000008077060                nbrs
                0x0000000008077160                vifs_with_neighbors
                0x0000000008077164                numvifs
                0x0000000008077168                phys_vif
                0x000000000807716c                udp_socket
 COMMON         0x0000000008077170        0xc prune.o
                0x0000000008077170                gtp
                0x0000000008077174                kroutes
                0x0000000008077178                kernel_table
                0x000000000807717c                . = ALIGN ((. != 0x0)?0x4:0x1)
                0x000000000807717c                . = ALIGN (0x4)
                0x000000000807717c                . = ALIGN (0x4)
                0x000000000807717c                _end = .
                0x000000000807717c                PROVIDE (end, .)
                0x000000000807717c                . = DATA_SEGMENT_END (.)

.stab
 *(.stab)

.stabstr
 *(.stabstr)

.stab.excl
 *(.stab.excl)

.stab.exclstr
 *(.stab.exclstr)

.stab.index
 *(.stab.index)

.stab.indexstr
 *(.stab.indexstr)

.comment        0x0000000000000000       0x38
 *(.comment)
 .comment       0x0000000000000000       0x1c /usr/lib/gcc/i486-linux-gnu/4.7/crtbegin.o
                                         0x1d (size before relaxing)
 .comment       0x0000000000000000       0x1d igmp.o
 .comment       0x0000000000000000       0x1d inet.o
 .comment       0x0000000000000000       0x1d kern.o
 .comment       0x0000000000000000       0x1d config.o
 .comment       0x0000000000000000       0x1d cfparse.o
 .comment       0x0000000000000000       0x1d main.o
 .comment       0x0000000000000000       0x1d route.o
 .comment       0x0000000000000000       0x1d vif.o
 .comment       0x0000000000000000       0x1d prune.o
 .comment       0x0000000000000000       0x1d callout.o
 .comment       0x0000000000000000       0x1d icmp.o
 .comment       0x0000000000000000       0x1d ipip.o
 .comment       0x0000000000000000       0x1d vers.o
 .comment       0x0000000000000000       0x1d rsrr.o
 .comment       0x0000000000000000       0x1d strlcpy.o
 .comment       0x0000000000000000       0x1d pidfile.o
 .comment       0x0000000000000000       0x1d strtonum.o
 .comment       0x000000000000001c       0x1c /usr/lib/i386-linux-gnu/libc_nonshared.a(elf-init.oS)
                                         0x1d (size before relaxing)
 .comment       0x0000000000000000       0x1d /usr/lib/i386-linux-gnu/libc_nonshared.a(atexit.oS)
 .comment       0x0000000000000000       0x1d /usr/lib/gcc/i486-linux-gnu/4.7/crtend.o

.debug
 *(.debug)

.line
 *(.line)

.debug_srcinfo
 *(.debug_srcinfo)

.debug_sfnames
 *(.debug_sfnames)

.debug_aranges
 *(.debug_aranges)

.debug_pubnames
 *(.debug_pubnames)

.debug_info
 *(.debug_info .gnu.linkonce.wi.*)

.debug_abbrev
 *(.debug_abbrev)

.debug_line
 *(.debug_line)

.debug_frame
 *(.debug_frame)

.debug_str
 *(.debug_str)

.debug_loc
 *(.debug_loc)

.debug_macinfo
 *(.debug_macinfo)

.debug_weaknames
 *(.debug_weaknames)

.debug_funcnames
 *(.debug_funcnames)

.debug_typenames
 *(.debug_typenames)

.debug_varnames
 *(.debug_varnames)

.debug_pubtypes
 *(.debug_pubtypes)

.debug_ranges
 *(.debug_ranges)

.gnu.attributes
 *(.gnu.attributes)

/DISCARD/
 *(.note.GNU-stack)
 *(.gnu_debuglink)
 *(.gnu.lto_*)
OUTPUT(mrouted elf32-i386)
