Archive member included because of file (symbol)

/usr/lib/i386-linux-gnu/libc_nonshared.a(elf-init.oS)
                              /usr/lib/gcc/i486-linux-gnu/4.7/../../../i386-linux-gnu/crt1.o (__libc_csu_fini)
/usr/lib/i386-linux-gnu/libc_nonshared.a(atexit.oS)
                              pidfile.o (atexit)

Allocating common symbols
Common symbol       size              file

dvmrp_group         0x4               igmp.o
base                0x424             mtrace.o
s2                  0x13              inet.o
s4                  0x13              inet.o
resp_cast           0x4               mtrace.o
send_buf            0x4               igmp.o
defgrp              0x4               mtrace.o
dst_netmask         0x4               mtrace.o
dvmrp_genid         0x4               igmp.o
swaps               0x80              mtrace.o
reset               0x80              mtrace.o
s1                  0x13              inet.o
s3                  0x13              inet.o
igmp_socket         0x4               igmp.o
query_cast          0x4               mtrace.o
names               0x500             mtrace.o
allhosts_group      0x4               igmp.o
recv_buf            0x4               igmp.o
incr                0x848             mtrace.o
numvifs             0x2               mtrace.o
allrtrs_group       0x4               igmp.o

Discarded input sections

 .note.GNU-stack
                0x0000000000000000        0x0 /usr/lib/gcc/i486-linux-gnu/4.7/../../../i386-linux-gnu/crt1.o
 .gnu_debuglink
                0x0000000000000000        0xc /usr/lib/gcc/i486-linux-gnu/4.7/../../../i386-linux-gnu/crt1.o
 .note.GNU-stack
                0x0000000000000000        0x0 /usr/lib/gcc/i486-linux-gnu/4.7/../../../i386-linux-gnu/crti.o
 .gnu_debuglink
                0x0000000000000000        0xc /usr/lib/gcc/i486-linux-gnu/4.7/../../../i386-linux-gnu/crti.o
 .note.GNU-stack
                0x0000000000000000        0x0 /usr/lib/gcc/i486-linux-gnu/4.7/crtbegin.o
 .note.GNU-stack
                0x0000000000000000        0x0 igmp.o
 .note.GNU-stack
                0x0000000000000000        0x0 inet.o
 .note.GNU-stack
                0x0000000000000000        0x0 kern.o
 .note.GNU-stack
                0x0000000000000000        0x0 mtrace.o
 .note.GNU-stack
                0x0000000000000000        0x0 strlcpy.o
 .note.GNU-stack
                0x0000000000000000        0x0 pidfile.o
 .note.GNU-stack
                0x0000000000000000        0x0 strtonum.o
 .group         0x0000000000000000        0x8 /usr/lib/i386-linux-gnu/libc_nonshared.a(elf-init.oS)
 .note.GNU-stack
                0x0000000000000000        0x0 /usr/lib/i386-linux-gnu/libc_nonshared.a(elf-init.oS)
 .group         0x0000000000000000        0x8 /usr/lib/i386-linux-gnu/libc_nonshared.a(atexit.oS)
 .text.__i686.get_pc_thunk.bx
                0x0000000000000000        0x4 /usr/lib/i386-linux-gnu/libc_nonshared.a(atexit.oS)
 .note.GNU-stack
                0x0000000000000000        0x0 /usr/lib/i386-linux-gnu/libc_nonshared.a(atexit.oS)
 .note.GNU-stack
                0x0000000000000000        0x0 /usr/lib/gcc/i486-linux-gnu/4.7/crtend.o
 .note.GNU-stack
                0x0000000000000000        0x0 /usr/lib/gcc/i486-linux-gnu/4.7/../../../i386-linux-gnu/crtn.o
 .gnu_debuglink
                0x0000000000000000        0xc /usr/lib/gcc/i486-linux-gnu/4.7/../../../i386-linux-gnu/crtn.o

Memory Configuration

Name             Origin             Length             Attributes
*default*        0x0000000000000000 0xffffffffffffffff

Linker script and memory map

LOAD /usr/lib/gcc/i486-linux-gnu/4.7/../../../i386-linux-gnu/crt1.o
LOAD /usr/lib/gcc/i486-linux-gnu/4.7/../../../i386-linux-gnu/crti.o
LOAD /usr/lib/gcc/i486-linux-gnu/4.7/crtbegin.o
LOAD igmp.o
LOAD inet.o
LOAD kern.o
LOAD mtrace.o
LOAD strlcpy.o
LOAD pidfile.o
LOAD strtonum.o
LOAD /usr/lib/gcc/i486-linux-gnu/4.7/libgcc.a
LOAD /usr/lib/gcc/i486-linux-gnu/4.7/libgcc_s.so
LOAD /usr/lib/gcc/i486-linux-gnu/4.7/../../../i386-linux-gnu/libc.so
START GROUP
LOAD /lib/i386-linux-gnu/libc.so.6
LOAD /usr/lib/i386-linux-gnu/libc_nonshared.a
LOAD /lib/i386-linux-gnu/ld-linux.so.2
END GROUP
LOAD /usr/lib/gcc/i486-linux-gnu/4.7/libgcc.a
LOAD /usr/lib/gcc/i486-linux-gnu/4.7/libgcc_s.so
LOAD /usr/lib/gcc/i486-linux-gnu/4.7/crtend.o
LOAD /usr/lib/gcc/i486-linux-gnu/4.7/../../../i386-linux-gnu/crtn.o
                0x0000000008048000                PROVIDE (__executable_start, 0x8048000)
                0x0000000008048134                . = (0x8048000 + SIZEOF_HEADERS)

.interp         0x0000000008048134       0x13
 *(.interp)
 .interp        0x0000000008048134       0x13 /usr/lib/gcc/i486-linux-gnu/4.7/../../../i386-linux-gnu/crt1.o

.note.ABI-tag   0x0000000008048148       0x20
 .note.ABI-tag  0x0000000008048148       0x20 /usr/lib/gcc/i486-linux-gnu/4.7/../../../i386-linux-gnu/crt1.o

.note.gnu.build-id
                0x0000000008048168       0x24
 *(.note.gnu.build-id)
 .note.gnu.build-id
                0x0000000008048168       0x24 /usr/lib/gcc/i486-linux-gnu/4.7/../../../i386-linux-gnu/crt1.o

.hash           0x000000000804818c      0x18c
 *(.hash)
 .hash          0x000000000804818c      0x18c /usr/lib/gcc/i486-linux-gnu/4.7/../../../i386-linux-gnu/crt1.o

.gnu.hash       0x0000000008048318       0x40
 *(.gnu.hash)
 .gnu.hash      0x0000000008048318       0x40 /usr/lib/gcc/i486-linux-gnu/4.7/../../../i386-linux-gnu/crt1.o

.dynsym         0x0000000008048358      0x3c0
 *(.dynsym)
 .dynsym        0x0000000008048358      0x3c0 /usr/lib/gcc/i486-linux-gnu/4.7/../../../i386-linux-gnu/crt1.o

.dynstr         0x0000000008048718      0x226
 *(.dynstr)
 .dynstr        0x0000000008048718      0x226 /usr/lib/gcc/i486-linux-gnu/4.7/../../../i386-linux-gnu/crt1.o

.gnu.version    0x000000000804893e       0x78
 *(.gnu.version)
 .gnu.version   0x000000000804893e       0x78 /usr/lib/gcc/i486-linux-gnu/4.7/../../../i386-linux-gnu/crt1.o

.gnu.version_d  0x00000000080489b8        0x0
 *(.gnu.version_d)
 .gnu.version_d
                0x0000000000000000        0x0 /usr/lib/gcc/i486-linux-gnu/4.7/../../../i386-linux-gnu/crt1.o

.gnu.version_r  0x00000000080489b8       0x50
 *(.gnu.version_r)
 .gnu.version_r
                0x00000000080489b8       0x50 /usr/lib/gcc/i486-linux-gnu/4.7/../../../i386-linux-gnu/crt1.o

.rel.dyn        0x0000000008048a08       0x30
 *(.rel.init)
 *(.rel.text .rel.text.* .rel.gnu.linkonce.t.*)
 .rel.text      0x0000000000000000        0x0 /usr/lib/gcc/i486-linux-gnu/4.7/../../../i386-linux-gnu/crt1.o
 .rel.text.startup
                0x0000000000000000        0x0 /usr/lib/gcc/i486-linux-gnu/4.7/../../../i386-linux-gnu/crt1.o
 *(.rel.fini)
 *(.rel.rodata .rel.rodata.* .rel.gnu.linkonce.r.*)
 *(.rel.data.rel.ro* .rel.gnu.linkonce.d.rel.ro.*)
 *(.rel.data .rel.data.* .rel.gnu.linkonce.d.*)
 *(.rel.tdata .rel.tdata.* .rel.gnu.linkonce.td.*)
 *(.rel.tbss .rel.tbss.* .rel.gnu.linkonce.tb.*)
 *(.rel.ctors)
 *(.rel.dtors)
 *(.rel.got)
 .rel.got       0x0000000008048a08        0x8 /usr/lib/gcc/i486-linux-gnu/4.7/../../../i386-linux-gnu/crt1.o
 *(.rel.bss .rel.bss.* .rel.gnu.linkonce.b.*)
 .rel.bss       0x0000000008048a10       0x28 /usr/lib/gcc/i486-linux-gnu/4.7/../../../i386-linux-gnu/crt1.o
 *(.rel.ifunc)

.rel.plt        0x0000000008048a38      0x1a0
 *(.rel.plt)
 .rel.plt       0x0000000008048a38      0x1a0 /usr/lib/gcc/i486-linux-gnu/4.7/../../../i386-linux-gnu/crt1.o
                0x0000000008048bd8                PROVIDE (__rel_iplt_start, .)
 *(.rel.iplt)
 .rel.iplt      0x0000000000000000        0x0 /usr/lib/gcc/i486-linux-gnu/4.7/../../../i386-linux-gnu/crt1.o
                0x0000000008048bd8                PROVIDE (__rel_iplt_end, .)

.init           0x0000000008048bd8       0x26
 *(.init)
 .init          0x0000000008048bd8       0x22 /usr/lib/gcc/i486-linux-gnu/4.7/../../../i386-linux-gnu/crti.o
                0x0000000008048bd8                _init
 .init          0x0000000008048bfa        0x4 /usr/lib/gcc/i486-linux-gnu/4.7/../../../i386-linux-gnu/crtn.o

.plt            0x0000000008048c00      0x350
 *(.plt)
 .plt           0x0000000008048c00      0x350 /usr/lib/gcc/i486-linux-gnu/4.7/../../../i386-linux-gnu/crt1.o
                0x0000000008048c10                setsockopt@@GLIBC_2.0
                0x0000000008048c20                printf@@GLIBC_2.0
                0x0000000008048c30                fflush@@GLIBC_2.0
                0x0000000008048c40                memmove@@GLIBC_2.0
                0x0000000008048c50                free@@GLIBC_2.0
                0x0000000008048c60                memcpy@@GLIBC_2.0
                0x0000000008048c70                fclose@@GLIBC_2.1
                0x0000000008048c80                gettimeofday@@GLIBC_2.0
                0x0000000008048c90                sleep@@GLIBC_2.0
                0x0000000008048ca0                recvfrom@@GLIBC_2.0
                0x0000000008048cb0                gethostbyaddr@@GLIBC_2.0
                0x0000000008048cc0                getuid@@GLIBC_2.0
                0x0000000008048cd0                geteuid@@GLIBC_2.0
                0x0000000008048ce0                unlink@@GLIBC_2.0
                0x0000000008048cf0                err@@GLIBC_2.0
                0x0000000008048d00                getsockopt@@GLIBC_2.0
                0x0000000008048d10                perror@@GLIBC_2.0
                0x0000000008048d20                poll@@GLIBC_2.0
                0x0000000008048d30                fwrite@@GLIBC_2.0
                0x0000000008048d40                strtoll@@GLIBC_2.0
                0x0000000008048d50                getpid@@GLIBC_2.0
                0x0000000008048d60                __cxa_atexit@@GLIBC_2.1.3
                0x0000000008048d70                malloc@@GLIBC_2.0
                0x0000000008048d80                puts@@GLIBC_2.0
                0x0000000008048d90                strerror@@GLIBC_2.0
                0x0000000008048db0                exit@@GLIBC_2.0
                0x0000000008048dc0                srand@@GLIBC_2.0
                0x0000000008048dd0                __libc_start_main@@GLIBC_2.0
                0x0000000008048de0                fprintf@@GLIBC_2.0
                0x0000000008048df0                getopt@@GLIBC_2.0
                0x0000000008048e00                warnx@@GLIBC_2.0
                0x0000000008048e10                fopen@@GLIBC_2.1
                0x0000000008048e20                getifaddrs@@GLIBC_2.3
                0x0000000008048e30                snprintf@@GLIBC_2.0
                0x0000000008048e40                putchar@@GLIBC_2.0
                0x0000000008048e50                __errno_location@@GLIBC_2.0
                0x0000000008048e60                asprintf@@GLIBC_2.0
                0x0000000008048e70                rand@@GLIBC_2.0
                0x0000000008048e80                freeifaddrs@@GLIBC_2.3
                0x0000000008048e90                sendto@@GLIBC_2.0
                0x0000000008048ea0                vfprintf@@GLIBC_2.0
                0x0000000008048eb0                fputc@@GLIBC_2.0
                0x0000000008048ec0                sscanf@@GLIBC_2.0
                0x0000000008048ed0                setuid@@GLIBC_2.0
                0x0000000008048ee0                getsockname@@GLIBC_2.0
                0x0000000008048ef0                socket@@GLIBC_2.0
                0x0000000008048f00                inet_addr@@GLIBC_2.0
                0x0000000008048f10                gethostbyname@@GLIBC_2.0
                0x0000000008048f20                connect@@GLIBC_2.0
                0x0000000008048f30                close@@GLIBC_2.0
                0x0000000008048f40                __ctype_b_loc@@GLIBC_2.3
 *(.iplt)
 .iplt          0x0000000000000000        0x0 /usr/lib/gcc/i486-linux-gnu/4.7/../../../i386-linux-gnu/crt1.o

.text           0x0000000008048f50     0x546c
 *(.text.unlikely .text.*_unlikely)
 *(.text.exit .text.exit.*)
 *(.text.startup .text.startup.*)
 .text.startup  0x0000000008048f50     0x10bb mtrace.o
                0x0000000008048f50                main
 *(.text.hot .text.hot.*)
 *(.text .stub .text.* .gnu.linkonce.t.*)
 *fill*         0x000000000804a00b        0x1 90909090
 .text          0x000000000804a00c       0x24 /usr/lib/gcc/i486-linux-gnu/4.7/../../../i386-linux-gnu/crt1.o
                0x000000000804a00c                _start
 .text          0x000000000804a030        0x0 /usr/lib/gcc/i486-linux-gnu/4.7/../../../i386-linux-gnu/crti.o
 .text          0x000000000804a030       0xbc /usr/lib/gcc/i486-linux-gnu/4.7/crtbegin.o
 *fill*         0x000000000804a0ec        0x4 90909090
 .text          0x000000000804a0f0      0xb95 igmp.o
                0x000000000804a0f0                init_igmp
                0x000000000804a200                igmp_packet_kind
                0x000000000804a3f0                igmp_debug_kind
                0x000000000804a440                accept_igmp
                0x000000000804a960                build_igmp
                0x000000000804a9f0                send_igmp
 *fill*         0x000000000804ac85        0xb 90909090
 .text          0x000000000804ac90      0x3e2 inet.o
                0x000000000804ac90                inet_valid_host
                0x000000000804acc0                inet_valid_mask
                0x000000000804ace0                inet_valid_subnet
                0x000000000804ad70                inet_fmt
                0x000000000804adc0                inet_fmts
                0x000000000804af20                inet_parse
                0x000000000804b000                inet_cksum
 *fill*         0x000000000804b072        0xe 90909090
 .text          0x000000000804b080      0x99f kern.o
                0x000000000804b080                k_init_dvmrp
                0x000000000804b110                k_stop_dvmrp
                0x000000000804b170                k_set_rcvbuf
                0x000000000804b2d0                k_hdr_include
                0x000000000804b340                k_set_ttl
                0x000000000804b3c0                k_set_loop
                0x000000000804b430                k_set_if
                0x000000000804b4e0                k_join
                0x000000000804b5a0                k_leave
                0x000000000804b660                k_add_vif
                0x000000000804b700                k_del_vif
                0x000000000804b7b0                k_add_rg
                0x000000000804b8d0                k_del_rg
                0x000000000804b9b0                k_get_version
 *fill*         0x000000000804ba1f        0x1 90909090
 .text          0x000000000804ba20     0x24d2 mtrace.o
                0x000000000804ba20                inet_name
                0x000000000804ba60                host_addr
                0x000000000804bb60                proto_type
                0x000000000804bbd0                flag_type
                0x000000000804bc80                get_netmask
                0x000000000804bd80                get_ttl
                0x000000000804bde0                t_diff
                0x000000000804bdf0                fixtime
                0x000000000804be30                byteswap
                0x000000000804be40                send_recv
                0x000000000804c5a0                print_host2
                0x000000000804c680                print_host
                0x000000000804c6a0                print_trace
                0x000000000804c860                what_kind
                0x000000000804ca30                passive_mode
                0x000000000804ce80                scale
                0x000000000804ced0                stat_line
                0x000000000804d310                fixup_stats
                0x000000000804d530                print_stats
                0x000000000804dc90                usage
                0x000000000804dcd0                logit
                0x000000000804ddd0                check_vif_state
                0x000000000804de00                accept_probe
                0x000000000804de10                accept_group_report
                0x000000000804de20                accept_neighbor_request2
                0x000000000804de30                accept_report
                0x000000000804de40                accept_neighbor_request
                0x000000000804de50                accept_prune
                0x000000000804de60                accept_graft
                0x000000000804de70                accept_g_ack
                0x000000000804de80                add_table_entry
                0x000000000804de90                accept_leave_message
                0x000000000804dea0                accept_mtrace
                0x000000000804deb0                accept_membership_query
                0x000000000804dec0                accept_neighbors
                0x000000000804ded0                accept_neighbors2
                0x000000000804dee0                accept_info_request
                0x000000000804def0                accept_info_reply
 *fill*         0x000000000804def2        0xe 90909090
 .text          0x000000000804df00       0x5d strlcpy.o
                0x000000000804df00                strlcpy
 *fill*         0x000000000804df5d        0x3 90909090
 .text          0x000000000804df60      0x1d6 pidfile.o
                0x000000000804df90                pidfile
 *fill*         0x000000000804e136        0xa 90909090
 .text          0x000000000804e140      0x1c5 strtonum.o
                0x000000000804e140                strtonum
 *fill*         0x000000000804e305        0xb 90909090
 .text          0x000000000804e310       0x6a /usr/lib/i386-linux-gnu/libc_nonshared.a(elf-init.oS)
                0x000000000804e310                __libc_csu_fini
                0x000000000804e320                __libc_csu_init
 .text.__i686.get_pc_thunk.bx
                0x000000000804e37a        0x4 /usr/lib/i386-linux-gnu/libc_nonshared.a(elf-init.oS)
                0x000000000804e37a                __i686.get_pc_thunk.bx
 *fill*         0x000000000804e37e        0x2 90909090
 .text          0x000000000804e380       0x3b /usr/lib/i386-linux-gnu/libc_nonshared.a(atexit.oS)
                0x000000000804e380                atexit
 *fill*         0x000000000804e3bb        0x1 90909090
 .text          0x000000000804e3bc        0x0 /usr/lib/gcc/i486-linux-gnu/4.7/crtend.o
 .text          0x000000000804e3bc        0x0 /usr/lib/gcc/i486-linux-gnu/4.7/../../../i386-linux-gnu/crtn.o
 *(.gnu.warning)

.fini           0x000000000804e3bc       0x17
 *(.fini)
 .fini          0x000000000804e3bc       0x13 /usr/lib/gcc/i486-linux-gnu/4.7/../../../i386-linux-gnu/crti.o
                0x000000000804e3bc                _fini
 .fini          0x000000000804e3cf        0x4 /usr/lib/gcc/i486-linux-gnu/4.7/../../../i386-linux-gnu/crtn.o
                0x000000000804e3d3                PROVIDE (__etext, .)
                0x000000000804e3d3                PROVIDE (_etext, .)
                0x000000000804e3d3                PROVIDE (etext, .)

.rodata         0x000000000804e3e0     0x1292
 *(.rodata .rodata.* .gnu.linkonce.r.*)
 .rodata        0x000000000804e3e0        0x4 /usr/lib/gcc/i486-linux-gnu/4.7/../../../i386-linux-gnu/crt1.o
                0x000000000804e3e0                _fp_hw
 .rodata.cst4   0x000000000804e3e4        0x4 /usr/lib/gcc/i486-linux-gnu/4.7/../../../i386-linux-gnu/crt1.o
                0x000000000804e3e4                _IO_stdin_used
 .rodata.str1.1
                0x000000000804e3e8      0x290 igmp.o
 *fill*         0x000000000804e678        0x8 00
 .rodata        0x000000000804e680      0x12c igmp.o
 .rodata.str1.4
                0x000000000804e7ac      0x128 igmp.o
 .rodata.str1.1
                0x000000000804e8d4       0x31 inet.o
                                         0x4c (size before relaxing)
 *fill*         0x000000000804e905        0x3 00
 .rodata.str1.4
                0x000000000804e908      0x224 kern.o
 .rodata.str1.1
                0x000000000804eb2c       0x4e kern.o
 .rodata.str1.1
                0x000000000804eb7a      0x500 mtrace.o
                                        0x525 (size before relaxing)
 *fill*         0x000000000804f07a        0x2 00
 .rodata.str1.4
                0x000000000804f07c      0x4e8 mtrace.o
                                        0x4e5 (size before relaxing)
 .rodata        0x000000000804f564       0xd8 mtrace.o
 .rodata.str1.1
                0x000000000804f63c       0x1a pidfile.o
 .rodata.str1.1
                0x000000000804f656       0x1c strtonum.o

.rodata1
 *(.rodata1)

.eh_frame_hdr   0x000000000804f674      0x244
 *(.eh_frame_hdr)
 .eh_frame_hdr  0x000000000804f674      0x244 /usr/lib/gcc/i486-linux-gnu/4.7/../../../i386-linux-gnu/crt1.o

.eh_frame       0x000000000804f8b8      0xb60
 *(.eh_frame)
 .eh_frame      0x000000000804f8b8       0x3c /usr/lib/gcc/i486-linux-gnu/4.7/../../../i386-linux-gnu/crt1.o
                                         0x40 (size before relaxing)
 .eh_frame      0x000000000804f8f4      0x124 igmp.o
                                        0x13c (size before relaxing)
 .eh_frame      0x000000000804fa18      0x130 inet.o
                                        0x148 (size before relaxing)
 .eh_frame      0x000000000804fb48      0x258 kern.o
                                        0x270 (size before relaxing)
 .eh_frame      0x000000000804fda0      0x5ac mtrace.o
                                        0x5c4 (size before relaxing)
 .eh_frame      0x000000000805034c       0x34 strlcpy.o
                                         0x4c (size before relaxing)
 .eh_frame      0x0000000008050380       0x68 pidfile.o
                                         0x80 (size before relaxing)
 .eh_frame      0x00000000080503e8       0x2c strtonum.o
                                         0x44 (size before relaxing)
 .eh_frame      0x0000000008050414        0x4 /usr/lib/gcc/i486-linux-gnu/4.7/crtend.o

.gcc_except_table
 *(.gcc_except_table .gcc_except_table.*)

.exception_ranges
 *(.exception_ranges .exception_ranges*)
                0x0000000008050418                . = (ALIGN (0x1000) - ((0x1000 - .) & 0xfff))
                0x0000000008051418                . = DATA_SEGMENT_ALIGN (0x1000, 0x1000)

.eh_frame
 *(.eh_frame)

.gcc_except_table
 *(.gcc_except_table .gcc_except_table.*)

.exception_ranges
 *(.exception_ranges .exception_ranges*)

.tdata
 *(.tdata .tdata.* .gnu.linkonce.td.*)

.tbss
 *(.tbss .tbss.* .gnu.linkonce.tb.*)
 *(.tcommon)

.preinit_array  0x0000000008051418        0x0
                0x0000000008051418                PROVIDE (__preinit_array_start, .)
 *(.preinit_array)
                0x0000000008051418                PROVIDE (__preinit_array_end, .)

.init_array     0x0000000008051418        0x4
                0x0000000008051418                PROVIDE (__init_array_start, .)
 *(SORT(.init_array.*) SORT(.ctors.*))
 *(.init_array)
 .init_array    0x0000000008051418        0x4 /usr/lib/gcc/i486-linux-gnu/4.7/crtbegin.o
 *(EXCLUDE_FILE(*crtend?.o *crtend.o *crtbegin?.o *crtbegin.o) .ctors)
                0x000000000805141c                PROVIDE (__init_array_end, .)

.fini_array     0x000000000805141c        0x4
                0x000000000805141c                PROVIDE (__fini_array_start, .)
 *(SORT(.fini_array.*) SORT(.dtors.*))
 *(.fini_array)
 .fini_array    0x000000000805141c        0x4 /usr/lib/gcc/i486-linux-gnu/4.7/crtbegin.o
 *(EXCLUDE_FILE(*crtend?.o *crtend.o *crtbegin?.o *crtbegin.o) .dtors)
                0x0000000008051420                PROVIDE (__fini_array_end, .)

.ctors
 *crtbegin.o(.ctors)
 *crtbegin?.o(.ctors)
 *(EXCLUDE_FILE(*crtend?.o *crtend.o) .ctors)
 *(SORT(.ctors.*))
 *(.ctors)

.dtors
 *crtbegin.o(.dtors)
 *crtbegin?.o(.dtors)
 *(EXCLUDE_FILE(*crtend?.o *crtend.o) .dtors)
 *(SORT(.dtors.*))
 *(.dtors)

.jcr            0x0000000008051420        0x4
 *(.jcr)
 .jcr           0x0000000008051420        0x0 /usr/lib/gcc/i486-linux-gnu/4.7/crtbegin.o
 .jcr           0x0000000008051420        0x4 /usr/lib/gcc/i486-linux-gnu/4.7/crtend.o

.data.rel.ro
 *(.data.rel.ro.local* .gnu.linkonce.d.rel.ro.local.*)
 *(.data.rel.ro* .gnu.linkonce.d.rel.ro.*)

.dynamic        0x0000000008051424       0xf0
 *(.dynamic)
 .dynamic       0x0000000008051424       0xf0 /usr/lib/gcc/i486-linux-gnu/4.7/../../../i386-linux-gnu/crt1.o
                0x0000000008051424                _DYNAMIC

.got            0x0000000008051514        0x8
 *(.got)
 .got           0x0000000008051514        0x8 /usr/lib/gcc/i486-linux-gnu/4.7/../../../i386-linux-gnu/crt1.o
 *(.igot)
                0x000000000805151c                . = DATA_SEGMENT_RELRO_END (., 0xc)

.got.plt        0x000000000805151c       0xdc
 *(.got.plt)
 .got.plt       0x000000000805151c       0xdc /usr/lib/gcc/i486-linux-gnu/4.7/../../../i386-linux-gnu/crt1.o
                0x000000000805151c                _GLOBAL_OFFSET_TABLE_
 *(.igot.plt)
 .igot.plt      0x0000000000000000        0x0 /usr/lib/gcc/i486-linux-gnu/4.7/../../../i386-linux-gnu/crt1.o

.data           0x00000000080515f8       0x14
 *(.data .data.* .gnu.linkonce.d.*)
 .data          0x00000000080515f8        0x4 /usr/lib/gcc/i486-linux-gnu/4.7/../../../i386-linux-gnu/crt1.o
                0x00000000080515f8                data_start
                0x00000000080515f8                __data_start
 .data          0x00000000080515fc        0x0 /usr/lib/gcc/i486-linux-gnu/4.7/../../../i386-linux-gnu/crti.o
 .data          0x00000000080515fc        0x4 /usr/lib/gcc/i486-linux-gnu/4.7/crtbegin.o
                0x00000000080515fc                __dso_handle
 .data          0x0000000008051600        0x0 igmp.o
 .data          0x0000000008051600        0x0 inet.o
 .data          0x0000000008051600        0x0 kern.o
 .data          0x0000000008051600        0xc mtrace.o
                0x0000000008051600                statint
                0x0000000008051604                nqueries
                0x0000000008051608                timeout
 .data          0x000000000805160c        0x0 strlcpy.o
 .data          0x000000000805160c        0x0 pidfile.o
 .data          0x000000000805160c        0x0 strtonum.o
 .data          0x000000000805160c        0x0 /usr/lib/i386-linux-gnu/libc_nonshared.a(elf-init.oS)
 .data          0x000000000805160c        0x0 /usr/lib/i386-linux-gnu/libc_nonshared.a(atexit.oS)
 .data          0x000000000805160c        0x0 /usr/lib/gcc/i486-linux-gnu/4.7/crtend.o
 .data          0x000000000805160c        0x0 /usr/lib/gcc/i486-linux-gnu/4.7/../../../i386-linux-gnu/crtn.o

.tm_clone_table
                0x000000000805160c        0x0
 .tm_clone_table
                0x000000000805160c        0x0 /usr/lib/gcc/i486-linux-gnu/4.7/crtbegin.o
 .tm_clone_table
                0x000000000805160c        0x0 /usr/lib/gcc/i486-linux-gnu/4.7/crtend.o

.data1
 *(.data1)
                0x000000000805160c                _edata = .
                0x000000000805160c                PROVIDE (edata, .)
                0x000000000805160c                __bss_start = .

.bss            0x0000000008051620     0x146c
 *(.dynbss)
 .dynbss        0x0000000008051620       0x44 /usr/lib/gcc/i486-linux-gnu/4.7/../../../i386-linux-gnu/crt1.o
                0x0000000008051620                __progname@@GLIBC_2.0
                0x0000000008051620                program_invocation_short_name@@GLIBC_2.0
                0x0000000008051624                stderr@@GLIBC_2.0
                0x0000000008051630                optind@@GLIBC_2.0
                0x0000000008051640                stdout@@GLIBC_2.0
                0x0000000008051660                optarg@@GLIBC_2.0
 *(.bss .bss.* .gnu.linkonce.b.*)
 .bss           0x0000000008051664        0x0 /usr/lib/gcc/i486-linux-gnu/4.7/../../../i386-linux-gnu/crt1.o
 .bss           0x0000000008051664        0x0 /usr/lib/gcc/i486-linux-gnu/4.7/../../../i386-linux-gnu/crti.o
 .bss           0x0000000008051664        0x1 /usr/lib/gcc/i486-linux-gnu/4.7/crtbegin.o
 *fill*         0x0000000008051665        0x3 00
 .bss           0x0000000008051668       0x14 igmp.o
 .bss           0x000000000805167c        0x0 inet.o
 .bss           0x000000000805167c        0x4 kern.o
                0x000000000805167c                curttl
 .bss           0x0000000008051680       0xf0 mtrace.o
                0x0000000008051680                tdst
                0x0000000008051684                gwy
                0x0000000008051688                rttl
                0x000000000805168c                qttl
                0x0000000008051690                raddr
                0x0000000008051694                qno
                0x0000000008051698                qdst
                0x000000000805169c                qgrp
                0x00000000080516a0                qsrc
                0x00000000080516a4                lcl_addr
                0x00000000080516a8                verbose
                0x00000000080516ac                multicast
                0x00000000080516b0                passive
                0x00000000080516b4                debug
                0x00000000080516b8                numeric
 .bss           0x0000000008051770        0x0 strlcpy.o
 .bss           0x0000000008051770        0x8 pidfile.o
 .bss           0x0000000008051778        0x0 strtonum.o
 .bss           0x0000000008051778        0x0 /usr/lib/i386-linux-gnu/libc_nonshared.a(elf-init.oS)
 .bss           0x0000000008051778        0x0 /usr/lib/i386-linux-gnu/libc_nonshared.a(atexit.oS)
 .bss           0x0000000008051778        0x0 /usr/lib/gcc/i486-linux-gnu/4.7/crtend.o
 .bss           0x0000000008051778        0x0 /usr/lib/gcc/i486-linux-gnu/4.7/../../../i386-linux-gnu/crtn.o
 *(COMMON)
 COMMON         0x0000000008051778       0x1c igmp.o
                0x0000000008051778                dvmrp_group
                0x000000000805177c                send_buf
                0x0000000008051780                dvmrp_genid
                0x0000000008051784                igmp_socket
                0x0000000008051788                allhosts_group
                0x000000000805178c                recv_buf
                0x0000000008051790                allrtrs_group
 COMMON         0x0000000008051794       0x4c inet.o
                0x0000000008051794                s2
                0x00000000080517a7                s4
                0x00000000080517ba                s1
                0x00000000080517cd                s3
 COMMON         0x00000000080517e0     0x12aa mtrace.o
                0x00000000080517e0                base
                0x0000000008051c04                resp_cast
                0x0000000008051c08                defgrp
                0x0000000008051c0c                dst_netmask
                0x0000000008051c20                swaps
                0x0000000008051ca0                reset
                0x0000000008051d20                query_cast
                0x0000000008051d40                names
                0x0000000008052240                incr
                0x0000000008052a88                numvifs
                0x0000000008052a8c                . = ALIGN ((. != 0x0)?0x4:0x1)
 *fill*         0x0000000008052a8a        0x2 00
                0x0000000008052a8c                . = ALIGN (0x4)
                0x0000000008052a8c                . = ALIGN (0x4)
                0x0000000008052a8c                _end = .
                0x0000000008052a8c                PROVIDE (end, .)
                0x0000000008052a8c                . = DATA_SEGMENT_END (.)

.stab
 *(.stab)

.stabstr
 *(.stabstr)

.stab.excl
 *(.stab.excl)

.stab.exclstr
 *(.stab.exclstr)

.stab.index
 *(.stab.index)

.stab.indexstr
 *(.stab.indexstr)

.comment        0x0000000000000000       0x38
 *(.comment)
 .comment       0x0000000000000000       0x1c /usr/lib/gcc/i486-linux-gnu/4.7/crtbegin.o
                                         0x1d (size before relaxing)
 .comment       0x0000000000000000       0x1d igmp.o
 .comment       0x0000000000000000       0x1d inet.o
 .comment       0x0000000000000000       0x1d kern.o
 .comment       0x0000000000000000       0x1d mtrace.o
 .comment       0x0000000000000000       0x1d strlcpy.o
 .comment       0x0000000000000000       0x1d pidfile.o
 .comment       0x0000000000000000       0x1d strtonum.o
 .comment       0x000000000000001c       0x1c /usr/lib/i386-linux-gnu/libc_nonshared.a(elf-init.oS)
                                         0x1d (size before relaxing)
 .comment       0x0000000000000000       0x1d /usr/lib/i386-linux-gnu/libc_nonshared.a(atexit.oS)
 .comment       0x0000000000000000       0x1d /usr/lib/gcc/i486-linux-gnu/4.7/crtend.o

.debug
 *(.debug)

.line
 *(.line)

.debug_srcinfo
 *(.debug_srcinfo)

.debug_sfnames
 *(.debug_sfnames)

.debug_aranges
 *(.debug_aranges)

.debug_pubnames
 *(.debug_pubnames)

.debug_info
 *(.debug_info .gnu.linkonce.wi.*)

.debug_abbrev
 *(.debug_abbrev)

.debug_line
 *(.debug_line)

.debug_frame
 *(.debug_frame)

.debug_str
 *(.debug_str)

.debug_loc
 *(.debug_loc)

.debug_macinfo
 *(.debug_macinfo)

.debug_weaknames
 *(.debug_weaknames)

.debug_funcnames
 *(.debug_funcnames)

.debug_typenames
 *(.debug_typenames)

.debug_varnames
 *(.debug_varnames)

.debug_pubtypes
 *(.debug_pubtypes)

.debug_ranges
 *(.debug_ranges)

.gnu.attributes
 *(.gnu.attributes)

/DISCARD/
 *(.note.GNU-stack)
 *(.gnu_debuglink)
 *(.gnu.lto_*)
OUTPUT(mtrace elf32-i386)
